Archive member included to satisfy reference by file (symbol)

c:/program files/microchip/xc32/v3.01/bin/bin/../../lib/gcc/pic32c/8.3.1/../../../../pic32c/lib/thumb/v7e-m+fp/hard\libpic32c.a(data_init.o)
                              build/default/production/_ext/1171490990/startup_xc32.o (__pic32c_data_initialization)
c:/program files/microchip/xc32/v3.01/bin/bin/../../lib/gcc/pic32c/8.3.1/../../../../pic32c/lib/thumb/v7e-m+fp/hard\libc_nano.a(lib_a-init.o)
                              build/default/production/_ext/1171490990/startup_xc32.o (__libc_init_array)
c:/program files/microchip/xc32/v3.01/bin/bin/../../lib/gcc/pic32c/8.3.1/../../../../pic32c/lib/thumb/v7e-m+fp/hard\libc_nano.a(lib_a-memcpy-stub.o)
                              build/default/production/_ext/60165182/plib_can1.o (memcpy)
c:/program files/microchip/xc32/v3.01/bin/bin/../../lib/gcc/pic32c/8.3.1/../../../../pic32c/lib/thumb/v7e-m+fp/hard\libc_nano.a(lib_a-memset.o)
                              build/default/production/_ext/60165182/plib_can1.o (memset)

Microchip PIC32 Memory-Usage Report

ROM Program-Memory Usage
section                    address  length [bytes]      (dec)  Description
-------                 ----------  -------------------------  -----------
.vectors                         0          0x260         608   
.text                        0x260           0x20          32  App's exec code 
.text.CAN0_InterruptHan      0x280          0x180         384   
.text.CLOCK_Initialize       0x400           0xd4         212   
.text.PORT_Initialize        0x4d4           0x94         148   
.text.Reset_Handler          0x568           0x90         144   
.text.bootloader_testRu      0x5f8           0x8c         140   
.text.CAN0_Initialize        0x684           0x88         136   
.text.__pic32c_data_ini      0x70c           0x88         136   
.dinit                       0x794           0x50          80   
.text.__libc_init_array      0x7e4           0x48          72   
.text.RTC_Initialize         0x82c           0x44          68   
.text                        0x870           0x40          64  App's exec code 
.text.NVIC_Initialize        0x8b0           0x40          64   
.text.TC0_CompareInitia      0x8f0           0x34          52   
.text.RTC_InterruptHand      0x924           0x28          40   
.text.SYS_Initialize         0x94c           0x24          36   
.text.memcpy                 0x970           0x1c          28   
.text.bootloader_runApp      0x98c           0x1a          26   
.text.main                   0x9a6           0x1a          26   
.text.TC0_CompareStart       0x9c0           0x18          24   
.rodata                      0x9d8           0x10          16  Read-only const 
.text.NVMCTRL_Initializ      0x9e8           0x10          16   
.text.memset                 0x9f8           0x10          16   
.text.EVSYS_Initialize       0xa08            0x2           2   
.text.Dummy_Handler          0xa0a            0x2           2   
.text.NonMaskableInt_Ha      0xa0c            0x2           2   
.text.HardFault_Handler      0xa0e            0x2           2   
.text.DebugMonitor_Hand      0xa10            0x2           2   
.text.MemoryManagement_      0xa12            0x2           2   
.text.BusFault_Handler       0xa14            0x2           2   
.text.UsageFault_Handle      0xa16            0x2           2   
.text.Dummy_App_Func         0xa18            0x2           2   
      Total ROM used  :       0xa1a        2586  0.2% of 0x100000
        --------------------------------------------------------------------------
         Total Program Memory used  :       0xa1a        2586  0.2% of 0x100000
        --------------------------------------------------------------------------


RAM Data-Memory Usage
section                    address  length [bytes]      (dec)  Description
-------                 ----------  -------------------------  -----------
.bss.can0Obj            0x20000010           0x28          40   
.bss.can0RxMsg          0x20000038           0x28          40   
.bss.can0CallbackObj    0x20000060           0x20          32   
.bss                    0x20000080           0x1c          28  Uninitialized data 
.bss.rtcObj             0x2000009c            0xc          12   
.bss                    0x200000a8            0x4           4  Uninitialized data 
         Total RAM used  :        0x9c         156  0.1% of 0x3fff0
        --------------------------------------------------------------------------
            Total Data Memory used  :        0x9c         156  0.1% of 0x3fff0
        --------------------------------------------------------------------------


Dynamic Data-Memory Reservation
section                    address  length [bytes]      (dec)  Description
-------                 ----------  -------------------------  -----------
heap                    0x200000b0          0x200         512  Reserved for heap 
stack                   0x200002c8        0x3fd28      261416  Reserved for stack 

        --------------------------------------------------------------------------

Discarded input sections

 .text          0x00000000        0x0 c:/program files/microchip/xc32/v3.01/bin/bin/../../lib/gcc/pic32c/8.3.1/thumb/v7e-m+fp/hard/crti.o
 .data          0x00000000        0x0 c:/program files/microchip/xc32/v3.01/bin/bin/../../lib/gcc/pic32c/8.3.1/thumb/v7e-m+fp/hard/crti.o
 .bss           0x00000000        0x0 c:/program files/microchip/xc32/v3.01/bin/bin/../../lib/gcc/pic32c/8.3.1/thumb/v7e-m+fp/hard/crti.o
 .xc_stack_usage.hdr
                0x00000000        0xe c:/program files/microchip/xc32/v3.01/bin/bin/../../lib/gcc/pic32c/8.3.1/thumb/v7e-m+fp/hard/crti.o
 .xc_stack_usage
                0x00000000       0x26 c:/program files/microchip/xc32/v3.01/bin/bin/../../lib/gcc/pic32c/8.3.1/thumb/v7e-m+fp/hard/crti.o
 .data          0x00000000        0x4 c:/program files/microchip/xc32/v3.01/bin/bin/../../lib/gcc/pic32c/8.3.1/thumb/v7e-m+fp/hard/crtbegin.o
 .xc_stack_usage
                0x00000000       0x3c c:/program files/microchip/xc32/v3.01/bin/bin/../../lib/gcc/pic32c/8.3.1/thumb/v7e-m+fp/hard/crtbegin.o
 .xc_stack_usage.hdr
                0x00000000        0xe c:/program files/microchip/xc32/v3.01/bin/bin/../../lib/gcc/pic32c/8.3.1/thumb/v7e-m+fp/hard/crtbegin.o
 .text          0x00000000        0x0 build/default/production/_ext/60165182/plib_can1.o
 .data          0x00000000        0x0 build/default/production/_ext/60165182/plib_can1.o
 .bss           0x00000000        0x0 build/default/production/_ext/60165182/plib_can1.o
 .text.CAN1_Initialize
                0x00000000       0x88 build/default/production/_ext/60165182/plib_can1.o
 .text.CAN1_MessageTransmit
                0x00000000       0xa8 build/default/production/_ext/60165182/plib_can1.o
 .text.CAN1_MessageReceive
                0x00000000       0x50 build/default/production/_ext/60165182/plib_can1.o
 .text.CAN1_TransmitEventFIFOElementGet
                0x00000000       0x5c build/default/production/_ext/60165182/plib_can1.o
 .text.CAN1_ErrorGet
                0x00000000       0x40 build/default/production/_ext/60165182/plib_can1.o
 .text.CAN1_ErrorCountGet
                0x00000000       0x14 build/default/production/_ext/60165182/plib_can1.o
 .text.CAN1_InterruptGet
                0x00000000       0x14 build/default/production/_ext/60165182/plib_can1.o
 .text.CAN1_InterruptClear
                0x00000000        0xc build/default/production/_ext/60165182/plib_can1.o
 .text.CAN1_TxFIFOIsFull
                0x00000000       0x10 build/default/production/_ext/60165182/plib_can1.o
 .text.CAN1_MessageRAMConfigSet
                0x00000000       0x94 build/default/production/_ext/60165182/plib_can1.o
 .text.CAN1_StandardFilterElementSet
                0x00000000       0x28 build/default/production/_ext/60165182/plib_can1.o
 .text.CAN1_StandardFilterElementGet
                0x00000000       0x28 build/default/production/_ext/60165182/plib_can1.o
 .text.CAN1_SleepModeEnter
                0x00000000       0x18 build/default/production/_ext/60165182/plib_can1.o
 .text.CAN1_SleepModeExit
                0x00000000       0x2c build/default/production/_ext/60165182/plib_can1.o
 .text.CAN1_TxCallbackRegister
                0x00000000       0x10 build/default/production/_ext/60165182/plib_can1.o
 .text.CAN1_RxCallbackRegister
                0x00000000       0x1c build/default/production/_ext/60165182/plib_can1.o
 .text.CAN1_InterruptHandler
                0x00000000      0x178 build/default/production/_ext/60165182/plib_can1.o
 .rodata        0x00000000       0x10 build/default/production/_ext/60165182/plib_can1.o
 .bss.can1CallbackObj
                0x00000000       0x20 build/default/production/_ext/60165182/plib_can1.o
 .bss.can1Obj   0x00000000       0x28 build/default/production/_ext/60165182/plib_can1.o
 .bss.can1RxMsg
                0x00000000       0x28 build/default/production/_ext/60165182/plib_can1.o
 .bss.messageMarker.8457
                0x00000000        0x1 build/default/production/_ext/60165182/plib_can1.o
 .debug_info    0x00000000     0x28a7 build/default/production/_ext/60165182/plib_can1.o
 .debug_abbrev  0x00000000      0x45e build/default/production/_ext/60165182/plib_can1.o
 .debug_loc     0x00000000      0x99a build/default/production/_ext/60165182/plib_can1.o
 .debug_aranges
                0x00000000       0xa0 build/default/production/_ext/60165182/plib_can1.o
 .debug_ranges  0x00000000       0x90 build/default/production/_ext/60165182/plib_can1.o
 .debug_line    0x00000000      0x8d9 build/default/production/_ext/60165182/plib_can1.o
 .debug_str     0x00000000       0x96 build/default/production/_ext/60165182/plib_can1.o
 .comment       0x00000000       0x54 build/default/production/_ext/60165182/plib_can1.o
 .debug_frame   0x00000000      0x190 build/default/production/_ext/60165182/plib_can1.o
 .ARM.attributes
                0x00000000       0x34 build/default/production/_ext/60165182/plib_can1.o
 .text          0x00000000        0x0 build/default/production/_ext/60165182/plib_can0.o
 .data          0x00000000        0x0 build/default/production/_ext/60165182/plib_can0.o
 .bss           0x00000000        0x0 build/default/production/_ext/60165182/plib_can0.o
 .text.CAN0_MessageTransmit
                0x00000000       0xac build/default/production/_ext/60165182/plib_can0.o
 .text.CAN0_MessageReceive
                0x00000000       0x4c build/default/production/_ext/60165182/plib_can0.o
 .text.CAN0_TransmitEventFIFOElementGet
                0x00000000       0x60 build/default/production/_ext/60165182/plib_can0.o
 .text.CAN0_ErrorGet
                0x00000000       0x40 build/default/production/_ext/60165182/plib_can0.o
 .text.CAN0_ErrorCountGet
                0x00000000       0x12 build/default/production/_ext/60165182/plib_can0.o
 .text.CAN0_InterruptGet
                0x00000000       0x10 build/default/production/_ext/60165182/plib_can0.o
 .text.CAN0_InterruptClear
                0x00000000        0x8 build/default/production/_ext/60165182/plib_can0.o
 .text.CAN0_TxFIFOIsFull
                0x00000000        0xe build/default/production/_ext/60165182/plib_can0.o
 .text.CAN0_MessageRAMConfigSet
                0x00000000       0x94 build/default/production/_ext/60165182/plib_can0.o
 .text.CAN0_StandardFilterElementSet
                0x00000000       0x28 build/default/production/_ext/60165182/plib_can0.o
 .text.CAN0_StandardFilterElementGet
                0x00000000       0x28 build/default/production/_ext/60165182/plib_can0.o
 .text.CAN0_SleepModeEnter
                0x00000000       0x16 build/default/production/_ext/60165182/plib_can0.o
 .text.CAN0_SleepModeExit
                0x00000000       0x2a build/default/production/_ext/60165182/plib_can0.o
 .text.CAN0_TxCallbackRegister
                0x00000000       0x10 build/default/production/_ext/60165182/plib_can0.o
 .text.CAN0_RxCallbackRegister
                0x00000000       0x1c build/default/production/_ext/60165182/plib_can0.o
 .bss.messageMarker.8457
                0x00000000        0x1 build/default/production/_ext/60165182/plib_can0.o
 .text          0x00000000        0x0 build/default/production/_ext/1984496892/plib_clock.o
 .data          0x00000000        0x0 build/default/production/_ext/1984496892/plib_clock.o
 .bss           0x00000000        0x0 build/default/production/_ext/1984496892/plib_clock.o
 .text          0x00000000        0x0 build/default/production/_ext/1865131932/plib_cmcc.o
 .data          0x00000000        0x0 build/default/production/_ext/1865131932/plib_cmcc.o
 .bss           0x00000000        0x0 build/default/production/_ext/1865131932/plib_cmcc.o
 .text.CMCC_Disable
                0x00000000       0x18 build/default/production/_ext/1865131932/plib_cmcc.o
 .text.CMCC_EnableICache
                0x00000000       0x28 build/default/production/_ext/1865131932/plib_cmcc.o
 .text.CMCC_DisableICache
                0x00000000       0x28 build/default/production/_ext/1865131932/plib_cmcc.o
 .text.CMCC_EnableDCache
                0x00000000       0x28 build/default/production/_ext/1865131932/plib_cmcc.o
 .text.CMCC_DisableDCache
                0x00000000       0x28 build/default/production/_ext/1865131932/plib_cmcc.o
 .text.CMCC_InvalidateAll
                0x00000000       0x20 build/default/production/_ext/1865131932/plib_cmcc.o
 .debug_info    0x00000000      0x5d2 build/default/production/_ext/1865131932/plib_cmcc.o
 .debug_abbrev  0x00000000       0x9d build/default/production/_ext/1865131932/plib_cmcc.o
 .debug_aranges
                0x00000000       0x48 build/default/production/_ext/1865131932/plib_cmcc.o
 .debug_ranges  0x00000000       0x38 build/default/production/_ext/1865131932/plib_cmcc.o
 .debug_line    0x00000000      0x285 build/default/production/_ext/1865131932/plib_cmcc.o
 .debug_str     0x00000000        0x0 build/default/production/_ext/1865131932/plib_cmcc.o
 .comment       0x00000000       0x54 build/default/production/_ext/1865131932/plib_cmcc.o
 .debug_frame   0x00000000       0x70 build/default/production/_ext/1865131932/plib_cmcc.o
 .ARM.attributes
                0x00000000       0x34 build/default/production/_ext/1865131932/plib_cmcc.o
 .text          0x00000000        0x0 build/default/production/_ext/1986646378/plib_evsys.o
 .data          0x00000000        0x0 build/default/production/_ext/1986646378/plib_evsys.o
 .bss           0x00000000        0x0 build/default/production/_ext/1986646378/plib_evsys.o
 .text          0x00000000        0x0 build/default/production/_ext/1865468468/plib_nvic.o
 .data          0x00000000        0x0 build/default/production/_ext/1865468468/plib_nvic.o
 .bss           0x00000000        0x0 build/default/production/_ext/1865468468/plib_nvic.o
 .text.NVIC_INT_Enable
                0x00000000        0x8 build/default/production/_ext/1865468468/plib_nvic.o
 .text.NVIC_INT_Disable
                0x00000000       0x12 build/default/production/_ext/1865468468/plib_nvic.o
 .text.NVIC_INT_Restore
                0x00000000       0x12 build/default/production/_ext/1865468468/plib_nvic.o
 .text          0x00000000        0x0 build/default/production/_ext/1593096446/plib_nvmctrl.o
 .data          0x00000000        0x0 build/default/production/_ext/1593096446/plib_nvmctrl.o
 .bss           0x00000000        0x0 build/default/production/_ext/1593096446/plib_nvmctrl.o
 .text.NVMCTRL_Read
                0x00000000       0x10 build/default/production/_ext/1593096446/plib_nvmctrl.o
 .text.NVMCTRL_SetWriteMode
                0x00000000       0x14 build/default/production/_ext/1593096446/plib_nvmctrl.o
 .text.NVMCTRL_QuadWordWrite
                0x00000000       0x4c build/default/production/_ext/1593096446/plib_nvmctrl.o
 .text.NVMCTRL_DoubleWordWrite
                0x00000000       0x40 build/default/production/_ext/1593096446/plib_nvmctrl.o
 .text.NVMCTRL_PageWrite
                0x00000000       0x40 build/default/production/_ext/1593096446/plib_nvmctrl.o
 .text.NVMCTRL_BlockErase
                0x00000000       0x1c build/default/production/_ext/1593096446/plib_nvmctrl.o
 .text.NVMCTRL_ErrorGet
                0x00000000       0x20 build/default/production/_ext/1593096446/plib_nvmctrl.o
 .text.NVMCTRL_StatusGet
                0x00000000        0xc build/default/production/_ext/1593096446/plib_nvmctrl.o
 .text.NVMCTRL_IsBusy
                0x00000000       0x14 build/default/production/_ext/1593096446/plib_nvmctrl.o
 .text.NVMCTRL_RegionLock
                0x00000000       0x10 build/default/production/_ext/1593096446/plib_nvmctrl.o
 .text.NVMCTRL_RegionUnlock
                0x00000000       0x10 build/default/production/_ext/1593096446/plib_nvmctrl.o
 .text.NVMCTRL_RegionLockStatusGet
                0x00000000        0xc build/default/production/_ext/1593096446/plib_nvmctrl.o
 .text.NVMCTRL_SmartEEPROM_IsBusy
                0x00000000       0x10 build/default/production/_ext/1593096446/plib_nvmctrl.o
 .text.NVMCTRL_SmartEEPROMStatusGet
                0x00000000        0xc build/default/production/_ext/1593096446/plib_nvmctrl.o
 .text.NVMCTRL_SmartEEPROM_IsActiveSectorFull
                0x00000000       0x10 build/default/production/_ext/1593096446/plib_nvmctrl.o
 .text.NVMCTRL_BankSwap
                0x00000000       0x10 build/default/production/_ext/1593096446/plib_nvmctrl.o
 .text.NVMCTRL_SmartEEPROMSectorReallocate
                0x00000000       0x10 build/default/production/_ext/1593096446/plib_nvmctrl.o
 .text.NVMCTRL_SmartEEPROMFlushPageBuffer
                0x00000000       0x18 build/default/production/_ext/1593096446/plib_nvmctrl.o
 .bss.nvm_error
                0x00000000        0x2 build/default/production/_ext/1593096446/plib_nvmctrl.o
 .text          0x00000000        0x0 build/default/production/_ext/1865521619/plib_port.o
 .data          0x00000000        0x0 build/default/production/_ext/1865521619/plib_port.o
 .bss           0x00000000        0x0 build/default/production/_ext/1865521619/plib_port.o
 .text.PORT_GroupRead
                0x00000000        0x4 build/default/production/_ext/1865521619/plib_port.o
 .text.PORT_GroupWrite
                0x00000000        0xc build/default/production/_ext/1865521619/plib_port.o
 .text.PORT_GroupLatchRead
                0x00000000        0x4 build/default/production/_ext/1865521619/plib_port.o
 .text.PORT_GroupSet
                0x00000000        0x4 build/default/production/_ext/1865521619/plib_port.o
 .text.PORT_GroupClear
                0x00000000        0x4 build/default/production/_ext/1865521619/plib_port.o
 .text.PORT_GroupToggle
                0x00000000        0x4 build/default/production/_ext/1865521619/plib_port.o
 .text.PORT_GroupInputEnable
                0x00000000        0x4 build/default/production/_ext/1865521619/plib_port.o
 .text.PORT_GroupOutputEnable
                0x00000000        0x4 build/default/production/_ext/1865521619/plib_port.o
 .text.PORT_PinPeripheralFunctionConfig
                0x00000000       0x4a build/default/production/_ext/1865521619/plib_port.o
 .text.PORT_PinGPIOConfig
                0x00000000       0x20 build/default/production/_ext/1865521619/plib_port.o
 .text          0x00000000        0x0 build/default/production/_ext/60180175/plib_rtc_timer.o
 .data          0x00000000        0x0 build/default/production/_ext/60180175/plib_rtc_timer.o
 .bss           0x00000000        0x0 build/default/production/_ext/60180175/plib_rtc_timer.o
 .text.RTC_Timer32Start
                0x00000000       0x18 build/default/production/_ext/60180175/plib_rtc_timer.o
 .text.RTC_Timer32Stop
                0x00000000       0x1c build/default/production/_ext/60180175/plib_rtc_timer.o
 .text.RTC_Timer32CounterSet
                0x00000000       0x14 build/default/production/_ext/60180175/plib_rtc_timer.o
 .text.RTC_Timer32Compare0Set
                0x00000000       0x14 build/default/production/_ext/60180175/plib_rtc_timer.o
 .text.RTC_Timer32Compare1Set
                0x00000000       0x14 build/default/production/_ext/60180175/plib_rtc_timer.o
 .text.RTC_Timer32CounterGet
                0x00000000       0x14 build/default/production/_ext/60180175/plib_rtc_timer.o
 .text.RTC_Timer32PeriodGet
                0x00000000        0x6 build/default/production/_ext/60180175/plib_rtc_timer.o
 .text.RTC_Timer32FrequencyGet
                0x00000000        0x6 build/default/production/_ext/60180175/plib_rtc_timer.o
 .text.RTC_Timer32InterruptEnable
                0x00000000        0xc build/default/production/_ext/60180175/plib_rtc_timer.o
 .text.RTC_Timer32InterruptDisable
                0x00000000        0xc build/default/production/_ext/60180175/plib_rtc_timer.o
 .text.RTC_BackupRegisterSet
                0x00000000       0x10 build/default/production/_ext/60180175/plib_rtc_timer.o
 .text.RTC_BackupRegisterGet
                0x00000000       0x10 build/default/production/_ext/60180175/plib_rtc_timer.o
 .text.RTC_TamperSourceGet
                0x00000000        0xc build/default/production/_ext/60180175/plib_rtc_timer.o
 .text.RTC_Timer32TimeStampGet
                0x00000000        0xc build/default/production/_ext/60180175/plib_rtc_timer.o
 .text.RTC_Timer32CallbackRegister
                0x00000000        0xc build/default/production/_ext/60180175/plib_rtc_timer.o
 .text          0x00000000        0x0 build/default/production/_ext/829342655/plib_tc0.o
 .data          0x00000000        0x0 build/default/production/_ext/829342655/plib_tc0.o
 .bss           0x00000000        0x0 build/default/production/_ext/829342655/plib_tc0.o
 .text.TC0_CompareStop
                0x00000000       0x18 build/default/production/_ext/829342655/plib_tc0.o
 .text.TC0_CompareFrequencyGet
                0x00000000        0x4 build/default/production/_ext/829342655/plib_tc0.o
 .text.TC0_CompareCommandSet
                0x00000000       0x18 build/default/production/_ext/829342655/plib_tc0.o
 .text.TC0_Compare16bitCounterGet
                0x00000000       0x28 build/default/production/_ext/829342655/plib_tc0.o
 .text.TC0_Compare16bitCounterSet
                0x00000000       0x14 build/default/production/_ext/829342655/plib_tc0.o
 .text.TC0_Compare16bitPeriodSet
                0x00000000       0x18 build/default/production/_ext/829342655/plib_tc0.o
 .text.TC0_Compare16bitPeriodGet
                0x00000000        0xc build/default/production/_ext/829342655/plib_tc0.o
 .text.TC0_Compare16bitMatch0Set
                0x00000000       0x18 build/default/production/_ext/829342655/plib_tc0.o
 .text.TC0_Compare16bitMatch1Set
                0x00000000       0x18 build/default/production/_ext/829342655/plib_tc0.o
 .text.TC0_CompareStatusGet
                0x00000000       0x10 build/default/production/_ext/829342655/plib_tc0.o
 .text          0x00000000        0x0 build/default/production/_ext/163028504/xc32_monitor.o
 .data          0x00000000        0x0 build/default/production/_ext/163028504/xc32_monitor.o
 .bss           0x00000000        0x0 build/default/production/_ext/163028504/xc32_monitor.o
 .text._mon_getc
                0x00000000        0x4 build/default/production/_ext/163028504/xc32_monitor.o
 .text._mon_putc
                0x00000000        0x2 build/default/production/_ext/163028504/xc32_monitor.o
 .debug_info    0x00000000      0x2de build/default/production/_ext/163028504/xc32_monitor.o
 .debug_abbrev  0x00000000       0x80 build/default/production/_ext/163028504/xc32_monitor.o
 .debug_loc     0x00000000       0x25 build/default/production/_ext/163028504/xc32_monitor.o
 .debug_aranges
                0x00000000       0x28 build/default/production/_ext/163028504/xc32_monitor.o
 .debug_ranges  0x00000000       0x18 build/default/production/_ext/163028504/xc32_monitor.o
 .debug_line    0x00000000       0x7d build/default/production/_ext/163028504/xc32_monitor.o
 .debug_str     0x00000000        0x0 build/default/production/_ext/163028504/xc32_monitor.o
 .comment       0x00000000       0x54 build/default/production/_ext/163028504/xc32_monitor.o
 .debug_frame   0x00000000       0x30 build/default/production/_ext/163028504/xc32_monitor.o
 .ARM.attributes
                0x00000000       0x34 build/default/production/_ext/163028504/xc32_monitor.o
 .text          0x00000000        0x0 build/default/production/_ext/1171490990/initialization.o
 .data          0x00000000        0x0 build/default/production/_ext/1171490990/initialization.o
 .bss           0x00000000        0x0 build/default/production/_ext/1171490990/initialization.o
 .text          0x00000000        0x0 build/default/production/_ext/1171490990/interrupts.o
 .data          0x00000000        0x0 build/default/production/_ext/1171490990/interrupts.o
 .bss           0x00000000        0x0 build/default/production/_ext/1171490990/interrupts.o
 .text          0x00000000        0x0 build/default/production/_ext/1171490990/exceptions.o
 .data          0x00000000        0x0 build/default/production/_ext/1171490990/exceptions.o
 .bss           0x00000000        0x0 build/default/production/_ext/1171490990/exceptions.o
 .text          0x00000000        0x0 build/default/production/_ext/1171490990/startup_xc32.o
 .data          0x00000000        0x0 build/default/production/_ext/1171490990/startup_xc32.o
 .bss           0x00000000        0x0 build/default/production/_ext/1171490990/startup_xc32.o
 .text          0x00000000        0x0 build/default/production/_ext/1171490990/libc_syscalls.o
 .data          0x00000000        0x0 build/default/production/_ext/1171490990/libc_syscalls.o
 .bss           0x00000000        0x0 build/default/production/_ext/1171490990/libc_syscalls.o
 .text._exit    0x00000000        0x2 build/default/production/_ext/1171490990/libc_syscalls.o
 .debug_info    0x00000000      0xf71 build/default/production/_ext/1171490990/libc_syscalls.o
 .debug_abbrev  0x00000000      0x1d3 build/default/production/_ext/1171490990/libc_syscalls.o
 .debug_loc     0x00000000       0x15 build/default/production/_ext/1171490990/libc_syscalls.o
 .debug_aranges
                0x00000000       0x20 build/default/production/_ext/1171490990/libc_syscalls.o
 .debug_ranges  0x00000000       0x10 build/default/production/_ext/1171490990/libc_syscalls.o
 .debug_line    0x00000000      0x1d5 build/default/production/_ext/1171490990/libc_syscalls.o
 .debug_str     0x00000000        0xe build/default/production/_ext/1171490990/libc_syscalls.o
 .comment       0x00000000       0x54 build/default/production/_ext/1171490990/libc_syscalls.o
 .debug_frame   0x00000000       0x20 build/default/production/_ext/1171490990/libc_syscalls.o
 .ARM.attributes
                0x00000000       0x34 build/default/production/_ext/1171490990/libc_syscalls.o
 .text          0x00000000        0x0 build/default/production/_ext/1360937237/main.o
 .data          0x00000000        0x0 build/default/production/_ext/1360937237/main.o
 .bss           0x00000000        0x0 build/default/production/_ext/1360937237/main.o
 .text          0x00000000        0x0 c:/program files/microchip/xc32/v3.01/bin/bin/../../lib/gcc/pic32c/8.3.1/../../../../pic32c/lib/thumb/v7e-m+fp/hard\libpic32c.a(data_init.o)
 .data          0x00000000        0x0 c:/program files/microchip/xc32/v3.01/bin/bin/../../lib/gcc/pic32c/8.3.1/../../../../pic32c/lib/thumb/v7e-m+fp/hard\libpic32c.a(data_init.o)
 .xc_stack_usage
                0x00000000       0x2a c:/program files/microchip/xc32/v3.01/bin/bin/../../lib/gcc/pic32c/8.3.1/../../../../pic32c/lib/thumb/v7e-m+fp/hard\libpic32c.a(data_init.o)
 .xc_stack_usage.hdr
                0x00000000        0xe c:/program files/microchip/xc32/v3.01/bin/bin/../../lib/gcc/pic32c/8.3.1/../../../../pic32c/lib/thumb/v7e-m+fp/hard\libpic32c.a(data_init.o)
 .text          0x00000000        0x0 c:/program files/microchip/xc32/v3.01/bin/bin/../../lib/gcc/pic32c/8.3.1/../../../../pic32c/lib/thumb/v7e-m+fp/hard\libc_nano.a(lib_a-init.o)
 .data          0x00000000        0x0 c:/program files/microchip/xc32/v3.01/bin/bin/../../lib/gcc/pic32c/8.3.1/../../../../pic32c/lib/thumb/v7e-m+fp/hard\libc_nano.a(lib_a-init.o)
 .bss           0x00000000        0x0 c:/program files/microchip/xc32/v3.01/bin/bin/../../lib/gcc/pic32c/8.3.1/../../../../pic32c/lib/thumb/v7e-m+fp/hard\libc_nano.a(lib_a-init.o)
 .xc_stack_usage
                0x00000000       0x1f c:/program files/microchip/xc32/v3.01/bin/bin/../../lib/gcc/pic32c/8.3.1/../../../../pic32c/lib/thumb/v7e-m+fp/hard\libc_nano.a(lib_a-init.o)
 .xc_stack_usage.hdr
                0x00000000        0xe c:/program files/microchip/xc32/v3.01/bin/bin/../../lib/gcc/pic32c/8.3.1/../../../../pic32c/lib/thumb/v7e-m+fp/hard\libc_nano.a(lib_a-init.o)
 .text          0x00000000        0x0 c:/program files/microchip/xc32/v3.01/bin/bin/../../lib/gcc/pic32c/8.3.1/../../../../pic32c/lib/thumb/v7e-m+fp/hard\libc_nano.a(lib_a-memcpy-stub.o)
 .data          0x00000000        0x0 c:/program files/microchip/xc32/v3.01/bin/bin/../../lib/gcc/pic32c/8.3.1/../../../../pic32c/lib/thumb/v7e-m+fp/hard\libc_nano.a(lib_a-memcpy-stub.o)
 .bss           0x00000000        0x0 c:/program files/microchip/xc32/v3.01/bin/bin/../../lib/gcc/pic32c/8.3.1/../../../../pic32c/lib/thumb/v7e-m+fp/hard\libc_nano.a(lib_a-memcpy-stub.o)
 .xc_stack_usage
                0x00000000       0x14 c:/program files/microchip/xc32/v3.01/bin/bin/../../lib/gcc/pic32c/8.3.1/../../../../pic32c/lib/thumb/v7e-m+fp/hard\libc_nano.a(lib_a-memcpy-stub.o)
 .xc_stack_usage.hdr
                0x00000000        0xe c:/program files/microchip/xc32/v3.01/bin/bin/../../lib/gcc/pic32c/8.3.1/../../../../pic32c/lib/thumb/v7e-m+fp/hard\libc_nano.a(lib_a-memcpy-stub.o)
 .text          0x00000000        0x0 c:/program files/microchip/xc32/v3.01/bin/bin/../../lib/gcc/pic32c/8.3.1/../../../../pic32c/lib/thumb/v7e-m+fp/hard\libc_nano.a(lib_a-memset.o)
 .data          0x00000000        0x0 c:/program files/microchip/xc32/v3.01/bin/bin/../../lib/gcc/pic32c/8.3.1/../../../../pic32c/lib/thumb/v7e-m+fp/hard\libc_nano.a(lib_a-memset.o)
 .bss           0x00000000        0x0 c:/program files/microchip/xc32/v3.01/bin/bin/../../lib/gcc/pic32c/8.3.1/../../../../pic32c/lib/thumb/v7e-m+fp/hard\libc_nano.a(lib_a-memset.o)
 .xc_stack_usage
                0x00000000       0x14 c:/program files/microchip/xc32/v3.01/bin/bin/../../lib/gcc/pic32c/8.3.1/../../../../pic32c/lib/thumb/v7e-m+fp/hard\libc_nano.a(lib_a-memset.o)
 .xc_stack_usage.hdr
                0x00000000        0xe c:/program files/microchip/xc32/v3.01/bin/bin/../../lib/gcc/pic32c/8.3.1/../../../../pic32c/lib/thumb/v7e-m+fp/hard\libc_nano.a(lib_a-memset.o)
 .text          0x00000000        0x0 c:/program files/microchip/xc32/v3.01/bin/bin/../../lib/gcc/pic32c/8.3.1/thumb/v7e-m+fp/hard/crtend.o
 .data          0x00000000        0x0 c:/program files/microchip/xc32/v3.01/bin/bin/../../lib/gcc/pic32c/8.3.1/thumb/v7e-m+fp/hard/crtend.o
 .bss           0x00000000        0x0 c:/program files/microchip/xc32/v3.01/bin/bin/../../lib/gcc/pic32c/8.3.1/thumb/v7e-m+fp/hard/crtend.o
 .eh_frame      0x00000000        0x4 c:/program files/microchip/xc32/v3.01/bin/bin/../../lib/gcc/pic32c/8.3.1/thumb/v7e-m+fp/hard/crtend.o
 .xc_stack_usage.hdr
                0x00000000        0xe c:/program files/microchip/xc32/v3.01/bin/bin/../../lib/gcc/pic32c/8.3.1/thumb/v7e-m+fp/hard/crtend.o
 .comment       0x00000000       0x54 c:/program files/microchip/xc32/v3.01/bin/bin/../../lib/gcc/pic32c/8.3.1/thumb/v7e-m+fp/hard/crtend.o
 .ARM.attributes
                0x00000000       0x32 c:/program files/microchip/xc32/v3.01/bin/bin/../../lib/gcc/pic32c/8.3.1/thumb/v7e-m+fp/hard/crtend.o
 .text          0x00000000        0x0 c:/program files/microchip/xc32/v3.01/bin/bin/../../lib/gcc/pic32c/8.3.1/thumb/v7e-m+fp/hard/crtn.o
 .data          0x00000000        0x0 c:/program files/microchip/xc32/v3.01/bin/bin/../../lib/gcc/pic32c/8.3.1/thumb/v7e-m+fp/hard/crtn.o
 .bss           0x00000000        0x0 c:/program files/microchip/xc32/v3.01/bin/bin/../../lib/gcc/pic32c/8.3.1/thumb/v7e-m+fp/hard/crtn.o
 .xc_stack_usage.hdr
                0x00000000        0xe c:/program files/microchip/xc32/v3.01/bin/bin/../../lib/gcc/pic32c/8.3.1/thumb/v7e-m+fp/hard/crtn.o

Memory Configuration

Name             Origin             Length             Attributes
rom              0x00000000         0x00100000         xrl
ram              0x20000010         0x0003fff0         xw !r
tcm              0x03000000         0x00000000         xw
config_00804000  0x00804000         0x00000004
config_00804008  0x00804008         0x00000004
config_00804004  0x00804004         0x00000004
*default*        0x00000000         0xffffffff

Linker script and memory map

LOAD c:/program files/microchip/xc32/v3.01/bin/bin/../../lib/gcc/pic32c/8.3.1/thumb/v7e-m+fp/hard/crti.o
LOAD c:/program files/microchip/xc32/v3.01/bin/bin/../../lib/gcc/pic32c/8.3.1/thumb/v7e-m+fp/hard/crtbegin.o
LOAD build/default/production/_ext/60165182/plib_can1.o
LOAD build/default/production/_ext/60165182/plib_can0.o
LOAD build/default/production/_ext/1984496892/plib_clock.o
LOAD build/default/production/_ext/1865131932/plib_cmcc.o
LOAD build/default/production/_ext/1986646378/plib_evsys.o
LOAD build/default/production/_ext/1865468468/plib_nvic.o
LOAD build/default/production/_ext/1593096446/plib_nvmctrl.o
LOAD build/default/production/_ext/1865521619/plib_port.o
LOAD build/default/production/_ext/60180175/plib_rtc_timer.o
LOAD build/default/production/_ext/829342655/plib_tc0.o
LOAD build/default/production/_ext/163028504/xc32_monitor.o
LOAD build/default/production/_ext/1171490990/initialization.o
LOAD build/default/production/_ext/1171490990/interrupts.o
LOAD build/default/production/_ext/1171490990/exceptions.o
LOAD build/default/production/_ext/1171490990/startup_xc32.o
LOAD build/default/production/_ext/1171490990/libc_syscalls.o
LOAD build/default/production/_ext/1360937237/main.o
                0x00000001                __MPLAB_BUILD = 0x1
                0x00100000                __rom_end = (ORIGIN (rom) + LENGTH (rom))
                0x20040000                __ram_end = (ORIGIN (ram) + LENGTH (ram))

.config_00804000
                0x00804000        0x4
 *(.config_00804000)
 .config_00804000
                0x00804000        0x4 build/default/production/_ext/1171490990/initialization.o
                0x00804000                __config_00804000

.config_00804008
                0x00804008        0x4
 *(.config_00804008)
 .config_00804008
                0x00804008        0x4 build/default/production/_ext/1171490990/initialization.o
                0x00804008                __config_00804008

.config_00804004
                0x00804004        0x4
 *(.config_00804004)
 .config_00804004
                0x00804004        0x4 build/default/production/_ext/1171490990/initialization.o
                0x00804004                __config_00804004

.vectors        0x00000000      0x260
                0x00000000                . = ALIGN (0x4)
                0x00000000                _sfixed = .
 *(.vectors .vectors.* .vectors_default .vectors_default.*)
 .vectors       0x00000000      0x260 build/default/production/_ext/1171490990/interrupts.o
                0x00000000                exception_table
 *(.isr_vector)
 *(.reset*)
 *(.after_vectors)

.text           0x00000260       0x20
                0x00000260                . = ALIGN (0x4)
 *(.glue_7t)
 .glue_7t       0x00000260        0x0 linker stubs
 *(.glue_7)
 .glue_7        0x00000260        0x0 linker stubs
 *(.gnu.linkonce.r.*)
 *(.ARM.extab* .gnu.linkonce.armextab.*)
                0x00000260                . = ALIGN (0x4)
 *(.init)
 .init          0x00000260        0x4 c:/program files/microchip/xc32/v3.01/bin/bin/../../lib/gcc/pic32c/8.3.1/thumb/v7e-m+fp/hard/crti.o
                0x00000260                _init
 .init          0x00000264        0x8 c:/program files/microchip/xc32/v3.01/bin/bin/../../lib/gcc/pic32c/8.3.1/thumb/v7e-m+fp/hard/crtn.o
                0x0000026c                . = ALIGN (0x4)
                0x0000026c                __preinit_array_start = .
 *(.preinit_array)
                0x0000026c                __preinit_array_end = .
                0x0000026c                . = ALIGN (0x4)
                0x0000026c                __init_array_start = .
 *(SORT_BY_NAME(.init_array.*))
 *(.init_array)
 .init_array    0x0000026c        0x4 c:/program files/microchip/xc32/v3.01/bin/bin/../../lib/gcc/pic32c/8.3.1/thumb/v7e-m+fp/hard/crtbegin.o
                0x00000270                __init_array_end = .
                0x00000270                . = ALIGN (0x4)
 *crtbegin.o(.ctors)
 *(EXCLUDE_FILE(*crtend.o) .ctors)
 *(SORT_BY_NAME(.ctors.*))
 *crtend.o(.ctors)
                0x00000270                . = ALIGN (0x4)
 *(.fini)
 .fini          0x00000270        0x4 c:/program files/microchip/xc32/v3.01/bin/bin/../../lib/gcc/pic32c/8.3.1/thumb/v7e-m+fp/hard/crti.o
                0x00000270                _fini
 .fini          0x00000274        0x8 c:/program files/microchip/xc32/v3.01/bin/bin/../../lib/gcc/pic32c/8.3.1/thumb/v7e-m+fp/hard/crtn.o
                0x0000027c                . = ALIGN (0x4)
                0x0000027c                __fini_array_start = .
 *(.fini_array)
 .fini_array    0x0000027c        0x4 c:/program files/microchip/xc32/v3.01/bin/bin/../../lib/gcc/pic32c/8.3.1/thumb/v7e-m+fp/hard/crtbegin.o
 *(SORT_BY_NAME(.fini_array.*))
                0x00000280                __fini_array_end = .
 *crtbegin.o(.dtors)
 *(EXCLUDE_FILE(*crtend.o) .dtors)
 *(SORT_BY_NAME(.dtors.*))
 *crtend.o(.dtors)
                0x00000280                . = ALIGN (0x4)
                0x00000280                _efixed = .
                [!provide]                PROVIDE (__exidx_start = .)

.ARM.exidx
 *(.ARM.exidx* .gnu.linkonce.armexidx.*)
                [!provide]                PROVIDE (__exidx_end = .)
                0x00000280                . = ALIGN (0x4)
                0x00000280                _etext = .

.bss            0x20000010        0x0
                0x20000010                . = ALIGN (0x4)
                0x20000010                __bss_start__ = .
                0x20000010                _sbss = .
                0x20000010                _szero = .
 *(COMMON)
                0x20000010                . = ALIGN (0x4)
                0x20000010                __bss_end__ = .
                0x20000010                _ebss = .
                0x20000010                _ezero = .
                0x20000010                . = ALIGN (0x4)
                0x20000010                _end = .
                0x2003ffff                _ram_end_ = ((ORIGIN (ram) + LENGTH (ram)) - 0x1)
                0x00000200                _min_heap_size = 0x200
START GROUP
LOAD c:/program files/microchip/xc32/v3.01/bin/bin/../../lib/gcc/pic32c/8.3.1/../../../../pic32c/lib/thumb/v7e-m+fp/hard\libpic32c.a
LOAD c:/program files/microchip/xc32/v3.01/bin/bin/../../lib/gcc/pic32c/8.3.1/thumb/v7e-m+fp/hard\libgcc.a
LOAD c:/program files/microchip/xc32/v3.01/bin/bin/../../lib/gcc/pic32c/8.3.1/../../../../pic32c/lib/thumb/v7e-m+fp/hard\libm_nano.a
LOAD c:/program files/microchip/xc32/v3.01/bin/bin/../../lib/gcc/pic32c/8.3.1/../../../../pic32c/lib/thumb/v7e-m+fp/hard\libc_nano.a
END GROUP
LOAD c:/program files/microchip/xc32/v3.01/bin/bin/../../lib/gcc/pic32c/8.3.1/thumb/v7e-m+fp/hard/crtend.o
LOAD c:/program files/microchip/xc32/v3.01/bin/bin/../../lib/gcc/pic32c/8.3.1/thumb/v7e-m+fp/hard/crtn.o
OUTPUT(dist/default/production/FW_BOOT.X.production.elf elf32-littlearm)
LOAD stack
LOAD data_init

.ARM.attributes
                0x00000000       0x32
 .ARM.attributes
                0x00000000       0x1e c:/program files/microchip/xc32/v3.01/bin/bin/../../lib/gcc/pic32c/8.3.1/thumb/v7e-m+fp/hard/crti.o
 .ARM.attributes
                0x0000001e       0x34 c:/program files/microchip/xc32/v3.01/bin/bin/../../lib/gcc/pic32c/8.3.1/thumb/v7e-m+fp/hard/crtbegin.o
 .ARM.attributes
                0x00000052       0x34 build/default/production/_ext/60165182/plib_can0.o
 .ARM.attributes
                0x00000086       0x34 build/default/production/_ext/1984496892/plib_clock.o
 .ARM.attributes
                0x000000ba       0x34 build/default/production/_ext/1986646378/plib_evsys.o
 .ARM.attributes
                0x000000ee       0x34 build/default/production/_ext/1865468468/plib_nvic.o
 .ARM.attributes
                0x00000122       0x34 build/default/production/_ext/1593096446/plib_nvmctrl.o
 .ARM.attributes
                0x00000156       0x34 build/default/production/_ext/1865521619/plib_port.o
 .ARM.attributes
                0x0000018a       0x34 build/default/production/_ext/60180175/plib_rtc_timer.o
 .ARM.attributes
                0x000001be       0x34 build/default/production/_ext/829342655/plib_tc0.o
 .ARM.attributes
                0x000001f2       0x34 build/default/production/_ext/1171490990/initialization.o
 .ARM.attributes
                0x00000226       0x34 build/default/production/_ext/1171490990/interrupts.o
 .ARM.attributes
                0x0000025a       0x34 build/default/production/_ext/1171490990/exceptions.o
 .ARM.attributes
                0x0000028e       0x34 build/default/production/_ext/1171490990/startup_xc32.o
 .ARM.attributes
                0x000002c2       0x34 build/default/production/_ext/1360937237/main.o
 .ARM.attributes
                0x000002f6       0x34 c:/program files/microchip/xc32/v3.01/bin/bin/../../lib/gcc/pic32c/8.3.1/../../../../pic32c/lib/thumb/v7e-m+fp/hard\libpic32c.a(data_init.o)
 .ARM.attributes
                0x0000032a       0x34 c:/program files/microchip/xc32/v3.01/bin/bin/../../lib/gcc/pic32c/8.3.1/../../../../pic32c/lib/thumb/v7e-m+fp/hard\libc_nano.a(lib_a-init.o)
 .ARM.attributes
                0x0000035e       0x34 c:/program files/microchip/xc32/v3.01/bin/bin/../../lib/gcc/pic32c/8.3.1/../../../../pic32c/lib/thumb/v7e-m+fp/hard\libc_nano.a(lib_a-memcpy-stub.o)
 .ARM.attributes
                0x00000392       0x34 c:/program files/microchip/xc32/v3.01/bin/bin/../../lib/gcc/pic32c/8.3.1/../../../../pic32c/lib/thumb/v7e-m+fp/hard\libc_nano.a(lib_a-memset.o)
 .ARM.attributes
                0x000003c6       0x1e c:/program files/microchip/xc32/v3.01/bin/bin/../../lib/gcc/pic32c/8.3.1/thumb/v7e-m+fp/hard/crtn.o

.comment        0x00000000       0x53
 .comment       0x00000000       0x53 c:/program files/microchip/xc32/v3.01/bin/bin/../../lib/gcc/pic32c/8.3.1/thumb/v7e-m+fp/hard/crtbegin.o
                                 0x54 (size before relaxing)
 .comment       0x00000053       0x54 build/default/production/_ext/60165182/plib_can0.o
 .comment       0x00000053       0x54 build/default/production/_ext/1984496892/plib_clock.o
 .comment       0x00000053       0x54 build/default/production/_ext/1986646378/plib_evsys.o
 .comment       0x00000053       0x54 build/default/production/_ext/1865468468/plib_nvic.o
 .comment       0x00000053       0x54 build/default/production/_ext/1593096446/plib_nvmctrl.o
 .comment       0x00000053       0x54 build/default/production/_ext/1865521619/plib_port.o
 .comment       0x00000053       0x54 build/default/production/_ext/60180175/plib_rtc_timer.o
 .comment       0x00000053       0x54 build/default/production/_ext/829342655/plib_tc0.o
 .comment       0x00000053       0x54 build/default/production/_ext/1171490990/initialization.o
 .comment       0x00000053       0x54 build/default/production/_ext/1171490990/interrupts.o
 .comment       0x00000053       0x54 build/default/production/_ext/1171490990/exceptions.o
 .comment       0x00000053       0x54 build/default/production/_ext/1171490990/startup_xc32.o
 .comment       0x00000053       0x54 build/default/production/_ext/1360937237/main.o
 .comment       0x00000053       0x54 c:/program files/microchip/xc32/v3.01/bin/bin/../../lib/gcc/pic32c/8.3.1/../../../../pic32c/lib/thumb/v7e-m+fp/hard\libpic32c.a(data_init.o)
 .comment       0x00000053       0x54 c:/program files/microchip/xc32/v3.01/bin/bin/../../lib/gcc/pic32c/8.3.1/../../../../pic32c/lib/thumb/v7e-m+fp/hard\libc_nano.a(lib_a-init.o)
 .comment       0x00000053       0x54 c:/program files/microchip/xc32/v3.01/bin/bin/../../lib/gcc/pic32c/8.3.1/../../../../pic32c/lib/thumb/v7e-m+fp/hard\libc_nano.a(lib_a-memcpy-stub.o)
 .comment       0x00000053       0x54 c:/program files/microchip/xc32/v3.01/bin/bin/../../lib/gcc/pic32c/8.3.1/../../../../pic32c/lib/thumb/v7e-m+fp/hard\libc_nano.a(lib_a-memset.o)

.debug_info     0x00000000     0xf94e
 .debug_info    0x00000000     0x28a7 build/default/production/_ext/60165182/plib_can0.o
 .debug_info    0x000028a7      0x969 build/default/production/_ext/1984496892/plib_clock.o
 .debug_info    0x00003210      0x38c build/default/production/_ext/1986646378/plib_evsys.o
 .debug_info    0x0000359c     0x140a build/default/production/_ext/1865468468/plib_nvic.o
 .debug_info    0x000049a6     0x1892 build/default/production/_ext/1593096446/plib_nvmctrl.o
 .debug_info    0x00006238      0xe5c build/default/production/_ext/1865521619/plib_port.o
 .debug_info    0x00007094     0x1c4f build/default/production/_ext/60180175/plib_rtc_timer.o
 .debug_info    0x00008ce3      0xcd8 build/default/production/_ext/829342655/plib_tc0.o
 .debug_info    0x000099bb      0xfec build/default/production/_ext/1171490990/initialization.o
 .debug_info    0x0000a9a7     0x2288 build/default/production/_ext/1171490990/interrupts.o
 .debug_info    0x0000cc2f      0xfe0 build/default/production/_ext/1171490990/exceptions.o
 .debug_info    0x0000dc0f      0x995 build/default/production/_ext/1171490990/startup_xc32.o
 .debug_info    0x0000e5a4     0x10dd build/default/production/_ext/1360937237/main.o
 .debug_info    0x0000f681      0x2cd c:/program files/microchip/xc32/v3.01/bin/bin/../../lib/gcc/pic32c/8.3.1/../../../../pic32c/lib/thumb/v7e-m+fp/hard\libpic32c.a(data_init.o)

.debug_abbrev   0x00000000     0x1bb8
 .debug_abbrev  0x00000000      0x45e build/default/production/_ext/60165182/plib_can0.o
 .debug_abbrev  0x0000045e      0x135 build/default/production/_ext/1984496892/plib_clock.o
 .debug_abbrev  0x00000593       0x64 build/default/production/_ext/1986646378/plib_evsys.o
 .debug_abbrev  0x000005f7      0x217 build/default/production/_ext/1865468468/plib_nvic.o
 .debug_abbrev  0x0000080e      0x30a build/default/production/_ext/1593096446/plib_nvmctrl.o
 .debug_abbrev  0x00000b18      0x1e9 build/default/production/_ext/1865521619/plib_port.o
 .debug_abbrev  0x00000d01      0x2b4 build/default/production/_ext/60180175/plib_rtc_timer.o
 .debug_abbrev  0x00000fb5      0x1ae build/default/production/_ext/829342655/plib_tc0.o
 .debug_abbrev  0x00001163      0x1f2 build/default/production/_ext/1171490990/initialization.o
 .debug_abbrev  0x00001355      0x1cc build/default/production/_ext/1171490990/interrupts.o
 .debug_abbrev  0x00001521      0x1ac build/default/production/_ext/1171490990/exceptions.o
 .debug_abbrev  0x000016cd      0x209 build/default/production/_ext/1171490990/startup_xc32.o
 .debug_abbrev  0x000018d6      0x2b4 build/default/production/_ext/1360937237/main.o
 .debug_abbrev  0x00001b8a       0x2e c:/program files/microchip/xc32/v3.01/bin/bin/../../lib/gcc/pic32c/8.3.1/../../../../pic32c/lib/thumb/v7e-m+fp/hard\libpic32c.a(data_init.o)

.debug_loc      0x00000000     0x1531
 .debug_loc     0x00000000      0x99a build/default/production/_ext/60165182/plib_can0.o
 .debug_loc     0x0000099a       0xf9 build/default/production/_ext/1865468468/plib_nvic.o
 .debug_loc     0x00000a93      0x4bf build/default/production/_ext/1593096446/plib_nvmctrl.o
 .debug_loc     0x00000f52      0x1e8 build/default/production/_ext/1865521619/plib_port.o
 .debug_loc     0x0000113a       0xb4 build/default/production/_ext/60180175/plib_rtc_timer.o
 .debug_loc     0x000011ee      0x141 build/default/production/_ext/829342655/plib_tc0.o
 .debug_loc     0x0000132f       0x45 build/default/production/_ext/1171490990/initialization.o
 .debug_loc     0x00001374       0x60 build/default/production/_ext/1171490990/startup_xc32.o
 .debug_loc     0x000013d4      0x149 build/default/production/_ext/1360937237/main.o
 .debug_loc     0x0000151d       0x14 c:/program files/microchip/xc32/v3.01/bin/bin/../../lib/gcc/pic32c/8.3.1/../../../../pic32c/lib/thumb/v7e-m+fp/hard\libpic32c.a(data_init.o)

.debug_aranges  0x00000000      0x450
 .debug_aranges
                0x00000000       0xa0 build/default/production/_ext/60165182/plib_can0.o
 .debug_aranges
                0x000000a0       0x20 build/default/production/_ext/1984496892/plib_clock.o
 .debug_aranges
                0x000000c0       0x20 build/default/production/_ext/1986646378/plib_evsys.o
 .debug_aranges
                0x000000e0       0x38 build/default/production/_ext/1865468468/plib_nvic.o
 .debug_aranges
                0x00000118       0xb0 build/default/production/_ext/1593096446/plib_nvmctrl.o
 .debug_aranges
                0x000001c8       0x70 build/default/production/_ext/1865521619/plib_port.o
 .debug_aranges
                0x00000238       0xa0 build/default/production/_ext/60180175/plib_rtc_timer.o
 .debug_aranges
                0x000002d8       0x78 build/default/production/_ext/829342655/plib_tc0.o
 .debug_aranges
                0x00000350       0x20 build/default/production/_ext/1171490990/initialization.o
 .debug_aranges
                0x00000370       0x20 build/default/production/_ext/1171490990/interrupts.o
 .debug_aranges
                0x00000390       0x48 build/default/production/_ext/1171490990/exceptions.o
 .debug_aranges
                0x000003d8       0x28 build/default/production/_ext/1171490990/startup_xc32.o
 .debug_aranges
                0x00000400       0x30 build/default/production/_ext/1360937237/main.o
 .debug_aranges
                0x00000430       0x20 c:/program files/microchip/xc32/v3.01/bin/bin/../../lib/gcc/pic32c/8.3.1/../../../../pic32c/lib/thumb/v7e-m+fp/hard\libpic32c.a(data_init.o)

.debug_ranges   0x00000000      0x3a0
 .debug_ranges  0x00000000       0x90 build/default/production/_ext/60165182/plib_can0.o
 .debug_ranges  0x00000090       0x10 build/default/production/_ext/1984496892/plib_clock.o
 .debug_ranges  0x000000a0       0x10 build/default/production/_ext/1986646378/plib_evsys.o
 .debug_ranges  0x000000b0       0x28 build/default/production/_ext/1865468468/plib_nvic.o
 .debug_ranges  0x000000d8       0xa0 build/default/production/_ext/1593096446/plib_nvmctrl.o
 .debug_ranges  0x00000178       0x60 build/default/production/_ext/1865521619/plib_port.o
 .debug_ranges  0x000001d8       0x90 build/default/production/_ext/60180175/plib_rtc_timer.o
 .debug_ranges  0x00000268       0x68 build/default/production/_ext/829342655/plib_tc0.o
 .debug_ranges  0x000002d0       0x10 build/default/production/_ext/1171490990/initialization.o
 .debug_ranges  0x000002e0       0x10 build/default/production/_ext/1171490990/interrupts.o
 .debug_ranges  0x000002f0       0x38 build/default/production/_ext/1171490990/exceptions.o
 .debug_ranges  0x00000328       0x18 build/default/production/_ext/1171490990/startup_xc32.o
 .debug_ranges  0x00000340       0x50 build/default/production/_ext/1360937237/main.o
 .debug_ranges  0x00000390       0x10 c:/program files/microchip/xc32/v3.01/bin/bin/../../lib/gcc/pic32c/8.3.1/../../../../pic32c/lib/thumb/v7e-m+fp/hard\libpic32c.a(data_init.o)

.debug_line     0x00000000     0x2f43
 .debug_line    0x00000000      0x8d9 build/default/production/_ext/60165182/plib_can0.o
 .debug_line    0x000008d9      0x2cb build/default/production/_ext/1984496892/plib_clock.o
 .debug_line    0x00000ba4      0x131 build/default/production/_ext/1986646378/plib_evsys.o
 .debug_line    0x00000cd5      0x341 build/default/production/_ext/1865468468/plib_nvic.o
 .debug_line    0x00001016      0x51e build/default/production/_ext/1593096446/plib_nvmctrl.o
 .debug_line    0x00001534      0x3c7 build/default/production/_ext/1865521619/plib_port.o
 .debug_line    0x000018fb      0x4ce build/default/production/_ext/60180175/plib_rtc_timer.o
 .debug_line    0x00001dc9      0x3b7 build/default/production/_ext/829342655/plib_tc0.o
 .debug_line    0x00002180      0x351 build/default/production/_ext/1171490990/initialization.o
 .debug_line    0x000024d1      0x1a8 build/default/production/_ext/1171490990/interrupts.o
 .debug_line    0x00002679      0x201 build/default/production/_ext/1171490990/exceptions.o
 .debug_line    0x0000287a      0x2b5 build/default/production/_ext/1171490990/startup_xc32.o
 .debug_line    0x00002b2f      0x304 build/default/production/_ext/1360937237/main.o
 .debug_line    0x00002e33      0x110 c:/program files/microchip/xc32/v3.01/bin/bin/../../lib/gcc/pic32c/8.3.1/../../../../pic32c/lib/thumb/v7e-m+fp/hard\libpic32c.a(data_init.o)

.debug_str      0x00000000      0x3e2
 .debug_str     0x00000000       0x96 build/default/production/_ext/60165182/plib_can0.o
 .debug_str     0x00000096       0x14 build/default/production/_ext/1984496892/plib_clock.o
 .debug_str     0x000000aa        0x0 build/default/production/_ext/1986646378/plib_evsys.o
 .debug_str     0x000000aa        0xa build/default/production/_ext/1865468468/plib_nvic.o
 .debug_str     0x000000b4       0x29 build/default/production/_ext/1593096446/plib_nvmctrl.o
 .debug_str     0x000000dd        0xb build/default/production/_ext/1865521619/plib_port.o
 .debug_str     0x000000e8      0x123 build/default/production/_ext/60180175/plib_rtc_timer.o
 .debug_str     0x0000020b       0xc6 build/default/production/_ext/829342655/plib_tc0.o
 .debug_str     0x000002d1       0x98 build/default/production/_ext/1171490990/initialization.o
 .debug_str     0x00000369        0xe build/default/production/_ext/1171490990/interrupts.o
 .debug_str     0x00000377        0xe build/default/production/_ext/1171490990/exceptions.o
 .debug_str     0x00000385       0x2f build/default/production/_ext/1171490990/startup_xc32.o
 .debug_str     0x000003b4       0x2e build/default/production/_ext/1360937237/main.o
 .debug_str     0x000003e2        0x0 c:/program files/microchip/xc32/v3.01/bin/bin/../../lib/gcc/pic32c/8.3.1/../../../../pic32c/lib/thumb/v7e-m+fp/hard\libpic32c.a(data_init.o)

.debug_frame    0x00000000      0x7d0
 .debug_frame   0x00000000      0x190 build/default/production/_ext/60165182/plib_can0.o
 .debug_frame   0x00000190       0x20 build/default/production/_ext/1984496892/plib_clock.o
 .debug_frame   0x000001b0       0x20 build/default/production/_ext/1986646378/plib_evsys.o
 .debug_frame   0x000001d0       0x50 build/default/production/_ext/1865468468/plib_nvic.o
 .debug_frame   0x00000220      0x170 build/default/production/_ext/1593096446/plib_nvmctrl.o
 .debug_frame   0x00000390       0xd8 build/default/production/_ext/1865521619/plib_port.o
 .debug_frame   0x00000468      0x128 build/default/production/_ext/60180175/plib_rtc_timer.o
 .debug_frame   0x00000590       0xd0 build/default/production/_ext/829342655/plib_tc0.o
 .debug_frame   0x00000660       0x28 build/default/production/_ext/1171490990/initialization.o
 .debug_frame   0x00000688       0x20 build/default/production/_ext/1171490990/interrupts.o
 .debug_frame   0x000006a8       0x70 build/default/production/_ext/1171490990/exceptions.o
 .debug_frame   0x00000718       0x38 build/default/production/_ext/1171490990/startup_xc32.o
 .debug_frame   0x00000750       0x48 build/default/production/_ext/1360937237/main.o
 .debug_frame   0x00000798       0x38 c:/program files/microchip/xc32/v3.01/bin/bin/../../lib/gcc/pic32c/8.3.1/../../../../pic32c/lib/thumb/v7e-m+fp/hard\libpic32c.a(data_init.o)

.stack          0x200002c8      0x100
 .stack         0x200002c8      0x100 stack

.bss.can0Obj%1  0x20000010       0x28
 .bss.can0Obj   0x20000010       0x28 build/default/production/_ext/60165182/plib_can0.o

.bss.can0RxMsg%2
                0x20000038       0x28
 .bss.can0RxMsg
                0x20000038       0x28 build/default/production/_ext/60165182/plib_can0.o

.bss.can0CallbackObj%3
                0x20000060       0x20
 .bss.can0CallbackObj
                0x20000060       0x20 build/default/production/_ext/60165182/plib_can0.o

.bss%4          0x20000080       0x1c
 .bss           0x20000080       0x1c c:/program files/microchip/xc32/v3.01/bin/bin/../../lib/gcc/pic32c/8.3.1/thumb/v7e-m+fp/hard/crtbegin.o

.bss.rtcObj%5   0x2000009c        0xc
 .bss.rtcObj    0x2000009c        0xc build/default/production/_ext/60180175/plib_rtc_timer.o

.bss%6          0x200000a8        0x4
 .bss           0x200000a8        0x4 c:/program files/microchip/xc32/v3.01/bin/bin/../../lib/gcc/pic32c/8.3.1/../../../../pic32c/lib/thumb/v7e-m+fp/hard\libpic32c.a(data_init.o)

.eh_frame%z1    0x00000000        0x0
 .eh_frame      0x00000000        0x0 c:/program files/microchip/xc32/v3.01/bin/bin/../../lib/gcc/pic32c/8.3.1/thumb/v7e-m+fp/hard/crtbegin.o

.text.CAN0_InterruptHandler%7
                0x00000280      0x180
 .text.CAN0_InterruptHandler
                0x00000280      0x180 build/default/production/_ext/60165182/plib_can0.o
                0x00000280                CAN0_InterruptHandler

.text.CLOCK_Initialize%8
                0x00000400       0xd4
 .text.CLOCK_Initialize
                0x00000400       0xd4 build/default/production/_ext/1984496892/plib_clock.o
                0x00000400                CLOCK_Initialize

.text.PORT_Initialize%9
                0x000004d4       0x94
 .text.PORT_Initialize
                0x000004d4       0x94 build/default/production/_ext/1865521619/plib_port.o
                0x000004d4                PORT_Initialize

.text.Reset_Handler%10
                0x00000568       0x90
 .text.Reset_Handler
                0x00000568       0x90 build/default/production/_ext/1171490990/startup_xc32.o
                0x00000568                Reset_Handler

.text.bootloader_testRunApplication%11
                0x000005f8       0x8c
 .text.bootloader_testRunApplication
                0x000005f8       0x8c build/default/production/_ext/1360937237/main.o
                0x000005f8                bootloader_testRunApplication

.text.CAN0_Initialize%12
                0x00000684       0x88
 .text.CAN0_Initialize
                0x00000684       0x88 build/default/production/_ext/60165182/plib_can0.o
                0x00000684                CAN0_Initialize

.text.__pic32c_data_initialization%13
                0x0000070c       0x88
 .text.__pic32c_data_initialization
                0x0000070c       0x88 c:/program files/microchip/xc32/v3.01/bin/bin/../../lib/gcc/pic32c/8.3.1/../../../../pic32c/lib/thumb/v7e-m+fp/hard\libpic32c.a(data_init.o)
                0x0000070c                __pic32c_data_initialization

.dinit%14       0x00000794       0x50
 .dinit         0x00000794       0x50 data_init

.text.__libc_init_array%15
                0x000007e4       0x48
 .text.__libc_init_array
                0x000007e4       0x48 c:/program files/microchip/xc32/v3.01/bin/bin/../../lib/gcc/pic32c/8.3.1/../../../../pic32c/lib/thumb/v7e-m+fp/hard\libc_nano.a(lib_a-init.o)
                0x000007e4                __libc_init_array

.text.RTC_Initialize%16
                0x0000082c       0x44
 .text.RTC_Initialize
                0x0000082c       0x44 build/default/production/_ext/60180175/plib_rtc_timer.o
                0x0000082c                RTC_Initialize

.text%17        0x00000870       0x40
 .text          0x00000870       0x40 c:/program files/microchip/xc32/v3.01/bin/bin/../../lib/gcc/pic32c/8.3.1/thumb/v7e-m+fp/hard/crtbegin.o

.text.NVIC_Initialize%18
                0x000008b0       0x40
 .text.NVIC_Initialize
                0x000008b0       0x40 build/default/production/_ext/1865468468/plib_nvic.o
                0x000008b0                NVIC_Initialize

.text.TC0_CompareInitialize%19
                0x000008f0       0x34
 .text.TC0_CompareInitialize
                0x000008f0       0x34 build/default/production/_ext/829342655/plib_tc0.o
                0x000008f0                TC0_CompareInitialize

.text.RTC_InterruptHandler%20
                0x00000924       0x28
 .text.RTC_InterruptHandler
                0x00000924       0x28 build/default/production/_ext/60180175/plib_rtc_timer.o
                0x00000924                RTC_InterruptHandler

.text.SYS_Initialize%21
                0x0000094c       0x24
 .text.SYS_Initialize
                0x0000094c       0x24 build/default/production/_ext/1171490990/initialization.o
                0x0000094c                SYS_Initialize

.text.memcpy%22
                0x00000970       0x1c
 .text.memcpy   0x00000970       0x1c c:/program files/microchip/xc32/v3.01/bin/bin/../../lib/gcc/pic32c/8.3.1/../../../../pic32c/lib/thumb/v7e-m+fp/hard\libc_nano.a(lib_a-memcpy-stub.o)
                0x00000970                memcpy

.text.bootloader_runApplication%23
                0x0000098c       0x1a
 .text.bootloader_runApplication
                0x0000098c       0x1a build/default/production/_ext/1360937237/main.o
                0x0000098c                bootloader_runApplication

.text.main%24   0x000009a6       0x1a
 .text.main     0x000009a6       0x1a build/default/production/_ext/1360937237/main.o
                0x000009a6                main

.text.TC0_CompareStart%25
                0x000009c0       0x18
 .text.TC0_CompareStart
                0x000009c0       0x18 build/default/production/_ext/829342655/plib_tc0.o
                0x000009c0                TC0_CompareStart

.rodata%26      0x000009d8       0x10
 .rodata        0x000009d8       0x10 build/default/production/_ext/60165182/plib_can0.o

.text.NVMCTRL_Initialize%27
                0x000009e8       0x10
 .text.NVMCTRL_Initialize
                0x000009e8       0x10 build/default/production/_ext/1593096446/plib_nvmctrl.o
                0x000009e8                NVMCTRL_Initialize

.text.memset%28
                0x000009f8       0x10
 .text.memset   0x000009f8       0x10 c:/program files/microchip/xc32/v3.01/bin/bin/../../lib/gcc/pic32c/8.3.1/../../../../pic32c/lib/thumb/v7e-m+fp/hard\libc_nano.a(lib_a-memset.o)
                0x000009f8                memset

.text.EVSYS_Initialize%29
                0x00000a08        0x2
 .text.EVSYS_Initialize
                0x00000a08        0x2 build/default/production/_ext/1986646378/plib_evsys.o
                0x00000a08                EVSYS_Initialize

.text.Dummy_Handler%30
                0x00000a0a        0x2
 .text.Dummy_Handler
                0x00000a0a        0x2 build/default/production/_ext/1171490990/interrupts.o
                0x00000a0a                EIC_EXTINT_9_Handler
                0x00000a0a                TCC0_MC5_Handler
                0x00000a0a                SVCall_Handler
                0x00000a0a                SERCOM0_2_Handler
                0x00000a0a                USB_SOF_HSOF_Handler
                0x00000a0a                TCC4_OTHER_Handler
                0x00000a0a                TCC2_MC2_Handler
                0x00000a0a                EVSYS_0_Handler
                0x00000a0a                TRNG_Handler
                0x00000a0a                TC2_Handler
                0x00000a0a                USB_TRCPT0_Handler
                0x00000a0a                DAC_OTHER_Handler
                0x00000a0a                AC_Handler
                0x00000a0a                DAC_EMPTY_0_Handler
                0x00000a0a                DMAC_OTHER_Handler
                0x00000a0a                EIC_EXTINT_5_Handler
                0x00000a0a                SERCOM3_1_Handler
                0x00000a0a                SysTick_Handler
                0x00000a0a                SERCOM4_OTHER_Handler
                0x00000a0a                SERCOM3_2_Handler
                0x00000a0a                EIC_EXTINT_6_Handler
                0x00000a0a                PendSV_Handler
                0x00000a0a                TCC4_MC0_Handler
                0x00000a0a                EVSYS_3_Handler
                0x00000a0a                QSPI_Handler
                0x00000a0a                TCC2_MC0_Handler
                0x00000a0a                PDEC_OTHER_Handler
                0x00000a0a                TCC3_MC0_Handler
                0x00000a0a                PDEC_MC1_Handler
                0x00000a0a                TCC2_MC1_Handler
                0x00000a0a                OSCCTRL_XOSC1_Handler
                0x00000a0a                PDEC_MC0_Handler
                0x00000a0a                EIC_EXTINT_4_Handler
                0x00000a0a                EIC_EXTINT_7_Handler
                0x00000a0a                SERCOM0_OTHER_Handler
                0x00000a0a                EVSYS_OTHER_Handler
                0x00000a0a                SERCOM0_0_Handler
                0x00000a0a                SERCOM4_0_Handler
                0x00000a0a                TCC1_MC0_Handler
                0x00000a0a                SERCOM1_OTHER_Handler
                0x00000a0a                TCC2_OTHER_Handler
                0x00000a0a                EIC_EXTINT_11_Handler
                0x00000a0a                SUPC_BODDET_Handler
                0x00000a0a                EIC_EXTINT_14_Handler
                0x00000a0a                OSC32KCTRL_Handler
                0x00000a0a                EVSYS_1_Handler
                0x00000a0a                TCC4_MC1_Handler
                0x00000a0a                DMAC_0_Handler
                0x00000a0a                SUPC_OTHER_Handler
                0x00000a0a                WDT_Handler
                0x00000a0a                EIC_EXTINT_15_Handler
                0x00000a0a                EIC_EXTINT_1_Handler
                0x00000a0a                TCC3_MC1_Handler
                0x00000a0a                SERCOM5_0_Handler
                0x00000a0a                TC4_Handler
                0x00000a0a                TC1_Handler
                0x00000a0a                TCC1_MC1_Handler
                0x00000a0a                EIC_EXTINT_0_Handler
                0x00000a0a                TCC1_OTHER_Handler
                0x00000a0a                PAC_Handler
                0x00000a0a                SERCOM4_1_Handler
                0x00000a0a                TC3_Handler
                0x00000a0a                Dummy_Handler
                0x00000a0a                DAC_RESRDY_0_Handler
                0x00000a0a                SERCOM5_1_Handler
                0x00000a0a                DMAC_2_Handler
                0x00000a0a                TCC0_MC4_Handler
                0x00000a0a                USB_TRCPT1_Handler
                0x00000a0a                SERCOM0_1_Handler
                0x00000a0a                TCC0_MC3_Handler
                0x00000a0a                EIC_EXTINT_12_Handler
                0x00000a0a                OSCCTRL_DPLL0_Handler
                0x00000a0a                SERCOM5_OTHER_Handler
                0x00000a0a                PM_Handler
                0x00000a0a                OSCCTRL_DFLL_Handler
                0x00000a0a                DAC_RESRDY_1_Handler
                0x00000a0a                DMAC_1_Handler
                0x00000a0a                USB_OTHER_Handler
                0x00000a0a                CAN1_Handler
                0x00000a0a                TCC0_OTHER_Handler
                0x00000a0a                EIC_EXTINT_10_Handler
                0x00000a0a                TCC1_MC3_Handler
                0x00000a0a                OSCCTRL_XOSC0_Handler
                0x00000a0a                TCC0_MC0_Handler
                0x00000a0a                EIC_EXTINT_2_Handler
                0x00000a0a                SDHC0_Handler
                0x00000a0a                SERCOM1_1_Handler
                0x00000a0a                I2S_Handler
                0x00000a0a                PCC_Handler
                0x00000a0a                TCC3_OTHER_Handler
                0x00000a0a                EIC_EXTINT_13_Handler
                0x00000a0a                SERCOM1_0_Handler
                0x00000a0a                PUKCC_Handler
                0x00000a0a                SERCOM2_1_Handler
                0x00000a0a                SERCOM1_2_Handler
                0x00000a0a                SERCOM3_0_Handler
                0x00000a0a                SERCOM4_2_Handler
                0x00000a0a                TCC1_MC2_Handler
                0x00000a0a                ADC1_RESRDY_Handler
                0x00000a0a                NVMCTRL_1_Handler
                0x00000a0a                SERCOM5_2_Handler
                0x00000a0a                SERCOM2_2_Handler
                0x00000a0a                DAC_EMPTY_1_Handler
                0x00000a0a                ADC1_OTHER_Handler
                0x00000a0a                OSCCTRL_DPLL1_Handler
                0x00000a0a                EIC_EXTINT_3_Handler
                0x00000a0a                SERCOM3_OTHER_Handler
                0x00000a0a                EIC_EXTINT_8_Handler
                0x00000a0a                NVMCTRL_0_Handler
                0x00000a0a                ADC0_RESRDY_Handler
                0x00000a0a                ADC0_OTHER_Handler
                0x00000a0a                MCLK_Handler
                0x00000a0a                EVSYS_2_Handler
                0x00000a0a                SERCOM2_OTHER_Handler
                0x00000a0a                FREQM_Handler
                0x00000a0a                TC0_Handler
                0x00000a0a                TCC0_MC1_Handler
                0x00000a0a                DMAC_3_Handler
                0x00000a0a                RAMECC_Handler
                0x00000a0a                TC5_Handler
                0x00000a0a                SERCOM2_0_Handler
                0x00000a0a                AES_Handler
                0x00000a0a                ICM_Handler
                0x00000a0a                TCC0_MC2_Handler

.text.NonMaskableInt_Handler%31
                0x00000a0c        0x2
 .text.NonMaskableInt_Handler
                0x00000a0c        0x2 build/default/production/_ext/1171490990/exceptions.o
                0x00000a0c                NonMaskableInt_Handler

.text.HardFault_Handler%32
                0x00000a0e        0x2
 .text.HardFault_Handler
                0x00000a0e        0x2 build/default/production/_ext/1171490990/exceptions.o
                0x00000a0e                HardFault_Handler

.text.DebugMonitor_Handler%33
                0x00000a10        0x2
 .text.DebugMonitor_Handler
                0x00000a10        0x2 build/default/production/_ext/1171490990/exceptions.o
                0x00000a10                DebugMonitor_Handler

.text.MemoryManagement_Handler%34
                0x00000a12        0x2
 .text.MemoryManagement_Handler
                0x00000a12        0x2 build/default/production/_ext/1171490990/exceptions.o
                0x00000a12                MemoryManagement_Handler

.text.BusFault_Handler%35
                0x00000a14        0x2
 .text.BusFault_Handler
                0x00000a14        0x2 build/default/production/_ext/1171490990/exceptions.o
                0x00000a14                BusFault_Handler

.text.UsageFault_Handler%36
                0x00000a16        0x2
 .text.UsageFault_Handler
                0x00000a16        0x2 build/default/production/_ext/1171490990/exceptions.o
                0x00000a16                UsageFault_Handler

.text.Dummy_App_Func%37
                0x00000a18        0x2
 .text.Dummy_App_Func
                0x00000a18        0x2 build/default/production/_ext/1171490990/startup_xc32.o
                0x00000a18                _on_reset
                0x00000a18                _on_bootstrap
                0x00000a18                __xc32_on_reset
                0x00000a18                Dummy_App_Func
                0x00000a18                __xc32_on_bootstrap
