Archive member included to satisfy reference by file (symbol)

c:/program files/microchip/xc32/v3.01/bin/bin/../../lib/gcc/pic32c/8.3.1/../../../../pic32c/lib/thumb/v7e-m+fp/hard\libpic32c.a(data_init.o)
                              build/default/debug/_ext/1171490990/startup_xc32.o (__pic32c_data_initialization)
c:/program files/microchip/xc32/v3.01/bin/bin/../../lib/gcc/pic32c/8.3.1/../../../../pic32c/lib/thumb/v7e-m+fp/hard\libg_nano.a(lib_a-init.o)
                              build/default/debug/_ext/1171490990/startup_xc32.o (__libc_init_array)
c:/program files/microchip/xc32/v3.01/bin/bin/../../lib/gcc/pic32c/8.3.1/../../../../pic32c/lib/thumb/v7e-m+fp/hard\libg_nano.a(lib_a-memcpy-stub.o)
                              build/default/debug/_ext/60165182/plib_can1.o (memcpy)
c:/program files/microchip/xc32/v3.01/bin/bin/../../lib/gcc/pic32c/8.3.1/../../../../pic32c/lib/thumb/v7e-m+fp/hard\libg_nano.a(lib_a-memset.o)
                              build/default/debug/_ext/60165182/plib_can1.o (memset)

Microchip PIC32 Memory-Usage Report

ROM Program-Memory Usage
section                    address  length [bytes]      (dec)  Description
-------                 ----------  -------------------------  -----------
.vectors                         0          0x260         608   
.text                        0x260           0x20          32  App's exec code 
.text.CAN0_InterruptHan      0x280          0x180         384   
.text.CLOCK_Initialize       0x400          0x134         308   
.text.Reset_Handler          0x534           0x94         148   
.text.PORT_Initialize        0x5c8           0x90         144   
.text.CAN0_Initialize        0x658           0x88         136   
.text.__pic32c_data_ini      0x6e0           0x88         136   
.dinit                       0x768           0x50          80   
.text.__libc_init_array      0x7b8           0x48          72   
.text.RTC_Initialize         0x800           0x44          68   
.text                        0x844           0x40          64  App's exec code 
.text.NVIC_Initialize        0x884           0x40          64   
.text.TC0_CompareInitia      0x8c4           0x34          52   
.text.RTC_InterruptHand      0x8f8           0x28          40   
.text.SYS_Initialize         0x920           0x24          36   
.text.memcpy                 0x944           0x1c          28   
.text.TC0_CompareStart       0x960           0x18          24   
.rodata                      0x978           0x10          16  Read-only const 
.text.NVMCTRL_Initializ      0x988           0x10          16   
.text.memset                 0x998           0x10          16   
.text.main                   0x9a8            0xe          14   
.text.Dummy_Handler          0x9b6            0x4           4   
.text.NonMaskableInt_Ha      0x9ba            0x4           4   
.text.HardFault_Handler      0x9be            0x4           4   
.text.DebugMonitor_Hand      0x9c2            0x4           4   
.text.MemoryManagement_      0x9c6            0x4           4   
.text.BusFault_Handler       0x9ca            0x4           4   
.text.UsageFault_Handle      0x9ce            0x4           4   
.text.EVSYS_Initialize       0x9d2            0x2           2   
.text.Dummy_App_Func         0x9d4            0x2           2   
      Total ROM used  :       0x9d6        2518  0.2% of 0x100000
        --------------------------------------------------------------------------
         Total Program Memory used  :       0x9d6        2518  0.2% of 0x100000
        --------------------------------------------------------------------------


RAM Data-Memory Usage
section                    address  length [bytes]      (dec)  Description
-------                 ----------  -------------------------  -----------
.bss.can0Obj            0x20000000           0x28          40   
.bss.can0RxMsg          0x20000028           0x28          40   
.bss.can0CallbackObj    0x20000050           0x20          32   
.bss                    0x20000070           0x1c          28  Uninitialized data 
.bss.rtcObj             0x2000008c            0xc          12   
.bss                    0x20000098            0x4           4  Uninitialized data 
         Total RAM used  :        0x9c         156  0.1% of 0x40000
        --------------------------------------------------------------------------
            Total Data Memory used  :        0x9c         156  0.1% of 0x40000
        --------------------------------------------------------------------------


Dynamic Data-Memory Reservation
section                    address  length [bytes]      (dec)  Description
-------                 ----------  -------------------------  -----------
heap                    0x200000a0          0x200         512  Reserved for heap 
stack                   0x200002b8        0x3fd38      261432  Reserved for stack 

        --------------------------------------------------------------------------

Discarded input sections

 .text          0x00000000        0x0 c:/program files/microchip/xc32/v3.01/bin/bin/../../lib/gcc/pic32c/8.3.1/thumb/v7e-m+fp/hard/crti.o
 .data          0x00000000        0x0 c:/program files/microchip/xc32/v3.01/bin/bin/../../lib/gcc/pic32c/8.3.1/thumb/v7e-m+fp/hard/crti.o
 .bss           0x00000000        0x0 c:/program files/microchip/xc32/v3.01/bin/bin/../../lib/gcc/pic32c/8.3.1/thumb/v7e-m+fp/hard/crti.o
 .xc_stack_usage.hdr
                0x00000000        0xe c:/program files/microchip/xc32/v3.01/bin/bin/../../lib/gcc/pic32c/8.3.1/thumb/v7e-m+fp/hard/crti.o
 .xc_stack_usage
                0x00000000       0x26 c:/program files/microchip/xc32/v3.01/bin/bin/../../lib/gcc/pic32c/8.3.1/thumb/v7e-m+fp/hard/crti.o
 .data          0x00000000        0x4 c:/program files/microchip/xc32/v3.01/bin/bin/../../lib/gcc/pic32c/8.3.1/thumb/v7e-m+fp/hard/crtbegin.o
 .xc_stack_usage
                0x00000000       0x3c c:/program files/microchip/xc32/v3.01/bin/bin/../../lib/gcc/pic32c/8.3.1/thumb/v7e-m+fp/hard/crtbegin.o
 .xc_stack_usage.hdr
                0x00000000        0xe c:/program files/microchip/xc32/v3.01/bin/bin/../../lib/gcc/pic32c/8.3.1/thumb/v7e-m+fp/hard/crtbegin.o
 .text          0x00000000        0x0 build/default/debug/_ext/60165182/plib_can1.o
 .data          0x00000000        0x0 build/default/debug/_ext/60165182/plib_can1.o
 .bss           0x00000000        0x0 build/default/debug/_ext/60165182/plib_can1.o
 .text.CAN1_Initialize
                0x00000000       0x88 build/default/debug/_ext/60165182/plib_can1.o
 .text.CAN1_MessageTransmit
                0x00000000       0xa8 build/default/debug/_ext/60165182/plib_can1.o
 .text.CAN1_MessageReceive
                0x00000000       0x50 build/default/debug/_ext/60165182/plib_can1.o
 .text.CAN1_TransmitEventFIFOElementGet
                0x00000000       0x5c build/default/debug/_ext/60165182/plib_can1.o
 .text.CAN1_ErrorGet
                0x00000000       0x40 build/default/debug/_ext/60165182/plib_can1.o
 .text.CAN1_ErrorCountGet
                0x00000000       0x14 build/default/debug/_ext/60165182/plib_can1.o
 .text.CAN1_InterruptGet
                0x00000000       0x14 build/default/debug/_ext/60165182/plib_can1.o
 .text.CAN1_InterruptClear
                0x00000000        0xc build/default/debug/_ext/60165182/plib_can1.o
 .text.CAN1_TxFIFOIsFull
                0x00000000       0x10 build/default/debug/_ext/60165182/plib_can1.o
 .text.CAN1_MessageRAMConfigSet
                0x00000000       0x94 build/default/debug/_ext/60165182/plib_can1.o
 .text.CAN1_StandardFilterElementSet
                0x00000000       0x28 build/default/debug/_ext/60165182/plib_can1.o
 .text.CAN1_StandardFilterElementGet
                0x00000000       0x28 build/default/debug/_ext/60165182/plib_can1.o
 .text.CAN1_SleepModeEnter
                0x00000000       0x18 build/default/debug/_ext/60165182/plib_can1.o
 .text.CAN1_SleepModeExit
                0x00000000       0x2c build/default/debug/_ext/60165182/plib_can1.o
 .text.CAN1_TxCallbackRegister
                0x00000000       0x10 build/default/debug/_ext/60165182/plib_can1.o
 .text.CAN1_RxCallbackRegister
                0x00000000       0x1c build/default/debug/_ext/60165182/plib_can1.o
 .text.CAN1_InterruptHandler
                0x00000000      0x178 build/default/debug/_ext/60165182/plib_can1.o
 .rodata        0x00000000       0x10 build/default/debug/_ext/60165182/plib_can1.o
 .bss.can1CallbackObj
                0x00000000       0x20 build/default/debug/_ext/60165182/plib_can1.o
 .bss.can1Obj   0x00000000       0x28 build/default/debug/_ext/60165182/plib_can1.o
 .bss.can1RxMsg
                0x00000000       0x28 build/default/debug/_ext/60165182/plib_can1.o
 .bss.messageMarker.8457
                0x00000000        0x1 build/default/debug/_ext/60165182/plib_can1.o
 .debug_info    0x00000000     0x28b2 build/default/debug/_ext/60165182/plib_can1.o
 .debug_abbrev  0x00000000      0x45e build/default/debug/_ext/60165182/plib_can1.o
 .debug_loc     0x00000000      0x99a build/default/debug/_ext/60165182/plib_can1.o
 .debug_aranges
                0x00000000       0xa0 build/default/debug/_ext/60165182/plib_can1.o
 .debug_ranges  0x00000000       0x90 build/default/debug/_ext/60165182/plib_can1.o
 .debug_line    0x00000000      0x8d9 build/default/debug/_ext/60165182/plib_can1.o
 .debug_str     0x00000000       0x96 build/default/debug/_ext/60165182/plib_can1.o
 .comment       0x00000000       0x54 build/default/debug/_ext/60165182/plib_can1.o
 .debug_frame   0x00000000      0x190 build/default/debug/_ext/60165182/plib_can1.o
 .ARM.attributes
                0x00000000       0x34 build/default/debug/_ext/60165182/plib_can1.o
 .text          0x00000000        0x0 build/default/debug/_ext/60165182/plib_can0.o
 .data          0x00000000        0x0 build/default/debug/_ext/60165182/plib_can0.o
 .bss           0x00000000        0x0 build/default/debug/_ext/60165182/plib_can0.o
 .text.CAN0_MessageTransmit
                0x00000000       0xac build/default/debug/_ext/60165182/plib_can0.o
 .text.CAN0_MessageReceive
                0x00000000       0x4c build/default/debug/_ext/60165182/plib_can0.o
 .text.CAN0_TransmitEventFIFOElementGet
                0x00000000       0x60 build/default/debug/_ext/60165182/plib_can0.o
 .text.CAN0_ErrorGet
                0x00000000       0x40 build/default/debug/_ext/60165182/plib_can0.o
 .text.CAN0_ErrorCountGet
                0x00000000       0x12 build/default/debug/_ext/60165182/plib_can0.o
 .text.CAN0_InterruptGet
                0x00000000       0x10 build/default/debug/_ext/60165182/plib_can0.o
 .text.CAN0_InterruptClear
                0x00000000        0x8 build/default/debug/_ext/60165182/plib_can0.o
 .text.CAN0_TxFIFOIsFull
                0x00000000        0xe build/default/debug/_ext/60165182/plib_can0.o
 .text.CAN0_MessageRAMConfigSet
                0x00000000       0x94 build/default/debug/_ext/60165182/plib_can0.o
 .text.CAN0_StandardFilterElementSet
                0x00000000       0x28 build/default/debug/_ext/60165182/plib_can0.o
 .text.CAN0_StandardFilterElementGet
                0x00000000       0x28 build/default/debug/_ext/60165182/plib_can0.o
 .text.CAN0_SleepModeEnter
                0x00000000       0x16 build/default/debug/_ext/60165182/plib_can0.o
 .text.CAN0_SleepModeExit
                0x00000000       0x2a build/default/debug/_ext/60165182/plib_can0.o
 .text.CAN0_TxCallbackRegister
                0x00000000       0x10 build/default/debug/_ext/60165182/plib_can0.o
 .text.CAN0_RxCallbackRegister
                0x00000000       0x1c build/default/debug/_ext/60165182/plib_can0.o
 .bss.messageMarker.8457
                0x00000000        0x1 build/default/debug/_ext/60165182/plib_can0.o
 .text          0x00000000        0x0 build/default/debug/_ext/1984496892/plib_clock.o
 .data          0x00000000        0x0 build/default/debug/_ext/1984496892/plib_clock.o
 .bss           0x00000000        0x0 build/default/debug/_ext/1984496892/plib_clock.o
 .text          0x00000000        0x0 build/default/debug/_ext/1865131932/plib_cmcc.o
 .data          0x00000000        0x0 build/default/debug/_ext/1865131932/plib_cmcc.o
 .bss           0x00000000        0x0 build/default/debug/_ext/1865131932/plib_cmcc.o
 .text.CMCC_Disable
                0x00000000       0x18 build/default/debug/_ext/1865131932/plib_cmcc.o
 .text.CMCC_EnableICache
                0x00000000       0x28 build/default/debug/_ext/1865131932/plib_cmcc.o
 .text.CMCC_DisableICache
                0x00000000       0x28 build/default/debug/_ext/1865131932/plib_cmcc.o
 .text.CMCC_EnableDCache
                0x00000000       0x28 build/default/debug/_ext/1865131932/plib_cmcc.o
 .text.CMCC_DisableDCache
                0x00000000       0x28 build/default/debug/_ext/1865131932/plib_cmcc.o
 .text.CMCC_InvalidateAll
                0x00000000       0x20 build/default/debug/_ext/1865131932/plib_cmcc.o
 .debug_info    0x00000000      0x5dd build/default/debug/_ext/1865131932/plib_cmcc.o
 .debug_abbrev  0x00000000       0x9d build/default/debug/_ext/1865131932/plib_cmcc.o
 .debug_aranges
                0x00000000       0x48 build/default/debug/_ext/1865131932/plib_cmcc.o
 .debug_ranges  0x00000000       0x38 build/default/debug/_ext/1865131932/plib_cmcc.o
 .debug_line    0x00000000      0x285 build/default/debug/_ext/1865131932/plib_cmcc.o
 .debug_str     0x00000000        0x0 build/default/debug/_ext/1865131932/plib_cmcc.o
 .comment       0x00000000       0x54 build/default/debug/_ext/1865131932/plib_cmcc.o
 .debug_frame   0x00000000       0x70 build/default/debug/_ext/1865131932/plib_cmcc.o
 .ARM.attributes
                0x00000000       0x34 build/default/debug/_ext/1865131932/plib_cmcc.o
 .text          0x00000000        0x0 build/default/debug/_ext/1986646378/plib_evsys.o
 .data          0x00000000        0x0 build/default/debug/_ext/1986646378/plib_evsys.o
 .bss           0x00000000        0x0 build/default/debug/_ext/1986646378/plib_evsys.o
 .text          0x00000000        0x0 build/default/debug/_ext/1865468468/plib_nvic.o
 .data          0x00000000        0x0 build/default/debug/_ext/1865468468/plib_nvic.o
 .bss           0x00000000        0x0 build/default/debug/_ext/1865468468/plib_nvic.o
 .text.NVIC_INT_Enable
                0x00000000        0x8 build/default/debug/_ext/1865468468/plib_nvic.o
 .text.NVIC_INT_Disable
                0x00000000       0x12 build/default/debug/_ext/1865468468/plib_nvic.o
 .text.NVIC_INT_Restore
                0x00000000       0x12 build/default/debug/_ext/1865468468/plib_nvic.o
 .text          0x00000000        0x0 build/default/debug/_ext/1593096446/plib_nvmctrl.o
 .data          0x00000000        0x0 build/default/debug/_ext/1593096446/plib_nvmctrl.o
 .bss           0x00000000        0x0 build/default/debug/_ext/1593096446/plib_nvmctrl.o
 .text.NVMCTRL_Read
                0x00000000       0x10 build/default/debug/_ext/1593096446/plib_nvmctrl.o
 .text.NVMCTRL_SetWriteMode
                0x00000000       0x14 build/default/debug/_ext/1593096446/plib_nvmctrl.o
 .text.NVMCTRL_QuadWordWrite
                0x00000000       0x4c build/default/debug/_ext/1593096446/plib_nvmctrl.o
 .text.NVMCTRL_DoubleWordWrite
                0x00000000       0x40 build/default/debug/_ext/1593096446/plib_nvmctrl.o
 .text.NVMCTRL_PageWrite
                0x00000000       0x40 build/default/debug/_ext/1593096446/plib_nvmctrl.o
 .text.NVMCTRL_BlockErase
                0x00000000       0x1c build/default/debug/_ext/1593096446/plib_nvmctrl.o
 .text.NVMCTRL_ErrorGet
                0x00000000       0x20 build/default/debug/_ext/1593096446/plib_nvmctrl.o
 .text.NVMCTRL_StatusGet
                0x00000000        0xc build/default/debug/_ext/1593096446/plib_nvmctrl.o
 .text.NVMCTRL_IsBusy
                0x00000000       0x14 build/default/debug/_ext/1593096446/plib_nvmctrl.o
 .text.NVMCTRL_RegionLock
                0x00000000       0x10 build/default/debug/_ext/1593096446/plib_nvmctrl.o
 .text.NVMCTRL_RegionUnlock
                0x00000000       0x10 build/default/debug/_ext/1593096446/plib_nvmctrl.o
 .text.NVMCTRL_RegionLockStatusGet
                0x00000000        0xc build/default/debug/_ext/1593096446/plib_nvmctrl.o
 .text.NVMCTRL_SmartEEPROM_IsBusy
                0x00000000       0x10 build/default/debug/_ext/1593096446/plib_nvmctrl.o
 .text.NVMCTRL_SmartEEPROMStatusGet
                0x00000000        0xc build/default/debug/_ext/1593096446/plib_nvmctrl.o
 .text.NVMCTRL_SmartEEPROM_IsActiveSectorFull
                0x00000000       0x10 build/default/debug/_ext/1593096446/plib_nvmctrl.o
 .text.NVMCTRL_BankSwap
                0x00000000       0x10 build/default/debug/_ext/1593096446/plib_nvmctrl.o
 .text.NVMCTRL_SmartEEPROMSectorReallocate
                0x00000000       0x10 build/default/debug/_ext/1593096446/plib_nvmctrl.o
 .text.NVMCTRL_SmartEEPROMFlushPageBuffer
                0x00000000       0x18 build/default/debug/_ext/1593096446/plib_nvmctrl.o
 .bss.nvm_error
                0x00000000        0x2 build/default/debug/_ext/1593096446/plib_nvmctrl.o
 .text          0x00000000        0x0 build/default/debug/_ext/1865521619/plib_port.o
 .data          0x00000000        0x0 build/default/debug/_ext/1865521619/plib_port.o
 .bss           0x00000000        0x0 build/default/debug/_ext/1865521619/plib_port.o
 .text.PORT_GroupRead
                0x00000000        0x4 build/default/debug/_ext/1865521619/plib_port.o
 .text.PORT_GroupWrite
                0x00000000        0xc build/default/debug/_ext/1865521619/plib_port.o
 .text.PORT_GroupLatchRead
                0x00000000        0x4 build/default/debug/_ext/1865521619/plib_port.o
 .text.PORT_GroupSet
                0x00000000        0x4 build/default/debug/_ext/1865521619/plib_port.o
 .text.PORT_GroupClear
                0x00000000        0x4 build/default/debug/_ext/1865521619/plib_port.o
 .text.PORT_GroupToggle
                0x00000000        0x4 build/default/debug/_ext/1865521619/plib_port.o
 .text.PORT_GroupInputEnable
                0x00000000        0x4 build/default/debug/_ext/1865521619/plib_port.o
 .text.PORT_GroupOutputEnable
                0x00000000        0x4 build/default/debug/_ext/1865521619/plib_port.o
 .text.PORT_PinPeripheralFunctionConfig
                0x00000000       0x4a build/default/debug/_ext/1865521619/plib_port.o
 .text.PORT_PinGPIOConfig
                0x00000000       0x20 build/default/debug/_ext/1865521619/plib_port.o
 .text          0x00000000        0x0 build/default/debug/_ext/60180175/plib_rtc_timer.o
 .data          0x00000000        0x0 build/default/debug/_ext/60180175/plib_rtc_timer.o
 .bss           0x00000000        0x0 build/default/debug/_ext/60180175/plib_rtc_timer.o
 .text.RTC_Timer32Start
                0x00000000       0x18 build/default/debug/_ext/60180175/plib_rtc_timer.o
 .text.RTC_Timer32Stop
                0x00000000       0x1c build/default/debug/_ext/60180175/plib_rtc_timer.o
 .text.RTC_Timer32CounterSet
                0x00000000       0x14 build/default/debug/_ext/60180175/plib_rtc_timer.o
 .text.RTC_Timer32Compare0Set
                0x00000000       0x14 build/default/debug/_ext/60180175/plib_rtc_timer.o
 .text.RTC_Timer32Compare1Set
                0x00000000       0x14 build/default/debug/_ext/60180175/plib_rtc_timer.o
 .text.RTC_Timer32CounterGet
                0x00000000       0x14 build/default/debug/_ext/60180175/plib_rtc_timer.o
 .text.RTC_Timer32PeriodGet
                0x00000000        0x6 build/default/debug/_ext/60180175/plib_rtc_timer.o
 .text.RTC_Timer32FrequencyGet
                0x00000000        0x6 build/default/debug/_ext/60180175/plib_rtc_timer.o
 .text.RTC_Timer32InterruptEnable
                0x00000000        0xc build/default/debug/_ext/60180175/plib_rtc_timer.o
 .text.RTC_Timer32InterruptDisable
                0x00000000        0xc build/default/debug/_ext/60180175/plib_rtc_timer.o
 .text.RTC_BackupRegisterSet
                0x00000000       0x10 build/default/debug/_ext/60180175/plib_rtc_timer.o
 .text.RTC_BackupRegisterGet
                0x00000000       0x10 build/default/debug/_ext/60180175/plib_rtc_timer.o
 .text.RTC_TamperSourceGet
                0x00000000        0xc build/default/debug/_ext/60180175/plib_rtc_timer.o
 .text.RTC_Timer32TimeStampGet
                0x00000000        0xc build/default/debug/_ext/60180175/plib_rtc_timer.o
 .text.RTC_Timer32CallbackRegister
                0x00000000        0xc build/default/debug/_ext/60180175/plib_rtc_timer.o
 .text          0x00000000        0x0 build/default/debug/_ext/829342655/plib_tc0.o
 .data          0x00000000        0x0 build/default/debug/_ext/829342655/plib_tc0.o
 .bss           0x00000000        0x0 build/default/debug/_ext/829342655/plib_tc0.o
 .text.TC0_CompareStop
                0x00000000       0x18 build/default/debug/_ext/829342655/plib_tc0.o
 .text.TC0_CompareFrequencyGet
                0x00000000        0x4 build/default/debug/_ext/829342655/plib_tc0.o
 .text.TC0_CompareCommandSet
                0x00000000       0x18 build/default/debug/_ext/829342655/plib_tc0.o
 .text.TC0_Compare16bitCounterGet
                0x00000000       0x28 build/default/debug/_ext/829342655/plib_tc0.o
 .text.TC0_Compare16bitCounterSet
                0x00000000       0x14 build/default/debug/_ext/829342655/plib_tc0.o
 .text.TC0_Compare16bitPeriodSet
                0x00000000       0x18 build/default/debug/_ext/829342655/plib_tc0.o
 .text.TC0_Compare16bitPeriodGet
                0x00000000        0xc build/default/debug/_ext/829342655/plib_tc0.o
 .text.TC0_Compare16bitMatch0Set
                0x00000000       0x18 build/default/debug/_ext/829342655/plib_tc0.o
 .text.TC0_Compare16bitMatch1Set
                0x00000000       0x18 build/default/debug/_ext/829342655/plib_tc0.o
 .text.TC0_CompareStatusGet
                0x00000000       0x10 build/default/debug/_ext/829342655/plib_tc0.o
 .text          0x00000000        0x0 build/default/debug/_ext/163028504/xc32_monitor.o
 .data          0x00000000        0x0 build/default/debug/_ext/163028504/xc32_monitor.o
 .bss           0x00000000        0x0 build/default/debug/_ext/163028504/xc32_monitor.o
 .text._mon_getc
                0x00000000        0x4 build/default/debug/_ext/163028504/xc32_monitor.o
 .text._mon_putc
                0x00000000        0x2 build/default/debug/_ext/163028504/xc32_monitor.o
 .debug_info    0x00000000      0x2e9 build/default/debug/_ext/163028504/xc32_monitor.o
 .debug_abbrev  0x00000000       0x80 build/default/debug/_ext/163028504/xc32_monitor.o
 .debug_loc     0x00000000       0x25 build/default/debug/_ext/163028504/xc32_monitor.o
 .debug_aranges
                0x00000000       0x28 build/default/debug/_ext/163028504/xc32_monitor.o
 .debug_ranges  0x00000000       0x18 build/default/debug/_ext/163028504/xc32_monitor.o
 .debug_line    0x00000000       0x7d build/default/debug/_ext/163028504/xc32_monitor.o
 .debug_str     0x00000000        0x0 build/default/debug/_ext/163028504/xc32_monitor.o
 .comment       0x00000000       0x54 build/default/debug/_ext/163028504/xc32_monitor.o
 .debug_frame   0x00000000       0x30 build/default/debug/_ext/163028504/xc32_monitor.o
 .ARM.attributes
                0x00000000       0x34 build/default/debug/_ext/163028504/xc32_monitor.o
 .text          0x00000000        0x0 build/default/debug/_ext/1171490990/initialization.o
 .data          0x00000000        0x0 build/default/debug/_ext/1171490990/initialization.o
 .bss           0x00000000        0x0 build/default/debug/_ext/1171490990/initialization.o
 .text          0x00000000        0x0 build/default/debug/_ext/1171490990/interrupts.o
 .data          0x00000000        0x0 build/default/debug/_ext/1171490990/interrupts.o
 .bss           0x00000000        0x0 build/default/debug/_ext/1171490990/interrupts.o
 .text          0x00000000        0x0 build/default/debug/_ext/1171490990/exceptions.o
 .data          0x00000000        0x0 build/default/debug/_ext/1171490990/exceptions.o
 .bss           0x00000000        0x0 build/default/debug/_ext/1171490990/exceptions.o
 .text          0x00000000        0x0 build/default/debug/_ext/1171490990/startup_xc32.o
 .data          0x00000000        0x0 build/default/debug/_ext/1171490990/startup_xc32.o
 .bss           0x00000000        0x0 build/default/debug/_ext/1171490990/startup_xc32.o
 .text          0x00000000        0x0 build/default/debug/_ext/1171490990/libc_syscalls.o
 .data          0x00000000        0x0 build/default/debug/_ext/1171490990/libc_syscalls.o
 .bss           0x00000000        0x0 build/default/debug/_ext/1171490990/libc_syscalls.o
 .text._exit    0x00000000        0x4 build/default/debug/_ext/1171490990/libc_syscalls.o
 .debug_info    0x00000000      0xf76 build/default/debug/_ext/1171490990/libc_syscalls.o
 .debug_abbrev  0x00000000      0x1d0 build/default/debug/_ext/1171490990/libc_syscalls.o
 .debug_aranges
                0x00000000       0x20 build/default/debug/_ext/1171490990/libc_syscalls.o
 .debug_ranges  0x00000000       0x10 build/default/debug/_ext/1171490990/libc_syscalls.o
 .debug_line    0x00000000      0x1d6 build/default/debug/_ext/1171490990/libc_syscalls.o
 .debug_str     0x00000000        0xe build/default/debug/_ext/1171490990/libc_syscalls.o
 .comment       0x00000000       0x54 build/default/debug/_ext/1171490990/libc_syscalls.o
 .debug_frame   0x00000000       0x20 build/default/debug/_ext/1171490990/libc_syscalls.o
 .ARM.attributes
                0x00000000       0x34 build/default/debug/_ext/1171490990/libc_syscalls.o
 .text          0x00000000        0x0 build/default/debug/_ext/1360937237/main.o
 .data          0x00000000        0x0 build/default/debug/_ext/1360937237/main.o
 .bss           0x00000000        0x0 build/default/debug/_ext/1360937237/main.o
 .text          0x00000000        0x0 c:/program files/microchip/xc32/v3.01/bin/bin/../../lib/gcc/pic32c/8.3.1/../../../../pic32c/lib/thumb/v7e-m+fp/hard\libpic32c.a(data_init.o)
 .data          0x00000000        0x0 c:/program files/microchip/xc32/v3.01/bin/bin/../../lib/gcc/pic32c/8.3.1/../../../../pic32c/lib/thumb/v7e-m+fp/hard\libpic32c.a(data_init.o)
 .xc_stack_usage
                0x00000000       0x2a c:/program files/microchip/xc32/v3.01/bin/bin/../../lib/gcc/pic32c/8.3.1/../../../../pic32c/lib/thumb/v7e-m+fp/hard\libpic32c.a(data_init.o)
 .xc_stack_usage.hdr
                0x00000000        0xe c:/program files/microchip/xc32/v3.01/bin/bin/../../lib/gcc/pic32c/8.3.1/../../../../pic32c/lib/thumb/v7e-m+fp/hard\libpic32c.a(data_init.o)
 .text          0x00000000        0x0 c:/program files/microchip/xc32/v3.01/bin/bin/../../lib/gcc/pic32c/8.3.1/../../../../pic32c/lib/thumb/v7e-m+fp/hard\libg_nano.a(lib_a-init.o)
 .data          0x00000000        0x0 c:/program files/microchip/xc32/v3.01/bin/bin/../../lib/gcc/pic32c/8.3.1/../../../../pic32c/lib/thumb/v7e-m+fp/hard\libg_nano.a(lib_a-init.o)
 .bss           0x00000000        0x0 c:/program files/microchip/xc32/v3.01/bin/bin/../../lib/gcc/pic32c/8.3.1/../../../../pic32c/lib/thumb/v7e-m+fp/hard\libg_nano.a(lib_a-init.o)
 .xc_stack_usage
                0x00000000       0x1f c:/program files/microchip/xc32/v3.01/bin/bin/../../lib/gcc/pic32c/8.3.1/../../../../pic32c/lib/thumb/v7e-m+fp/hard\libg_nano.a(lib_a-init.o)
 .xc_stack_usage.hdr
                0x00000000        0xe c:/program files/microchip/xc32/v3.01/bin/bin/../../lib/gcc/pic32c/8.3.1/../../../../pic32c/lib/thumb/v7e-m+fp/hard\libg_nano.a(lib_a-init.o)
 .text          0x00000000        0x0 c:/program files/microchip/xc32/v3.01/bin/bin/../../lib/gcc/pic32c/8.3.1/../../../../pic32c/lib/thumb/v7e-m+fp/hard\libg_nano.a(lib_a-memcpy-stub.o)
 .data          0x00000000        0x0 c:/program files/microchip/xc32/v3.01/bin/bin/../../lib/gcc/pic32c/8.3.1/../../../../pic32c/lib/thumb/v7e-m+fp/hard\libg_nano.a(lib_a-memcpy-stub.o)
 .bss           0x00000000        0x0 c:/program files/microchip/xc32/v3.01/bin/bin/../../lib/gcc/pic32c/8.3.1/../../../../pic32c/lib/thumb/v7e-m+fp/hard\libg_nano.a(lib_a-memcpy-stub.o)
 .xc_stack_usage
                0x00000000       0x14 c:/program files/microchip/xc32/v3.01/bin/bin/../../lib/gcc/pic32c/8.3.1/../../../../pic32c/lib/thumb/v7e-m+fp/hard\libg_nano.a(lib_a-memcpy-stub.o)
 .xc_stack_usage.hdr
                0x00000000        0xe c:/program files/microchip/xc32/v3.01/bin/bin/../../lib/gcc/pic32c/8.3.1/../../../../pic32c/lib/thumb/v7e-m+fp/hard\libg_nano.a(lib_a-memcpy-stub.o)
 .text          0x00000000        0x0 c:/program files/microchip/xc32/v3.01/bin/bin/../../lib/gcc/pic32c/8.3.1/../../../../pic32c/lib/thumb/v7e-m+fp/hard\libg_nano.a(lib_a-memset.o)
 .data          0x00000000        0x0 c:/program files/microchip/xc32/v3.01/bin/bin/../../lib/gcc/pic32c/8.3.1/../../../../pic32c/lib/thumb/v7e-m+fp/hard\libg_nano.a(lib_a-memset.o)
 .bss           0x00000000        0x0 c:/program files/microchip/xc32/v3.01/bin/bin/../../lib/gcc/pic32c/8.3.1/../../../../pic32c/lib/thumb/v7e-m+fp/hard\libg_nano.a(lib_a-memset.o)
 .xc_stack_usage
                0x00000000       0x14 c:/program files/microchip/xc32/v3.01/bin/bin/../../lib/gcc/pic32c/8.3.1/../../../../pic32c/lib/thumb/v7e-m+fp/hard\libg_nano.a(lib_a-memset.o)
 .xc_stack_usage.hdr
                0x00000000        0xe c:/program files/microchip/xc32/v3.01/bin/bin/../../lib/gcc/pic32c/8.3.1/../../../../pic32c/lib/thumb/v7e-m+fp/hard\libg_nano.a(lib_a-memset.o)
 .text          0x00000000        0x0 c:/program files/microchip/xc32/v3.01/bin/bin/../../lib/gcc/pic32c/8.3.1/thumb/v7e-m+fp/hard/crtend.o
 .data          0x00000000        0x0 c:/program files/microchip/xc32/v3.01/bin/bin/../../lib/gcc/pic32c/8.3.1/thumb/v7e-m+fp/hard/crtend.o
 .bss           0x00000000        0x0 c:/program files/microchip/xc32/v3.01/bin/bin/../../lib/gcc/pic32c/8.3.1/thumb/v7e-m+fp/hard/crtend.o
 .eh_frame      0x00000000        0x4 c:/program files/microchip/xc32/v3.01/bin/bin/../../lib/gcc/pic32c/8.3.1/thumb/v7e-m+fp/hard/crtend.o
 .xc_stack_usage.hdr
                0x00000000        0xe c:/program files/microchip/xc32/v3.01/bin/bin/../../lib/gcc/pic32c/8.3.1/thumb/v7e-m+fp/hard/crtend.o
 .comment       0x00000000       0x54 c:/program files/microchip/xc32/v3.01/bin/bin/../../lib/gcc/pic32c/8.3.1/thumb/v7e-m+fp/hard/crtend.o
 .ARM.attributes
                0x00000000       0x32 c:/program files/microchip/xc32/v3.01/bin/bin/../../lib/gcc/pic32c/8.3.1/thumb/v7e-m+fp/hard/crtend.o
 .text          0x00000000        0x0 c:/program files/microchip/xc32/v3.01/bin/bin/../../lib/gcc/pic32c/8.3.1/thumb/v7e-m+fp/hard/crtn.o
 .data          0x00000000        0x0 c:/program files/microchip/xc32/v3.01/bin/bin/../../lib/gcc/pic32c/8.3.1/thumb/v7e-m+fp/hard/crtn.o
 .bss           0x00000000        0x0 c:/program files/microchip/xc32/v3.01/bin/bin/../../lib/gcc/pic32c/8.3.1/thumb/v7e-m+fp/hard/crtn.o
 .xc_stack_usage.hdr
                0x00000000        0xe c:/program files/microchip/xc32/v3.01/bin/bin/../../lib/gcc/pic32c/8.3.1/thumb/v7e-m+fp/hard/crtn.o

Memory Configuration

Name             Origin             Length             Attributes
rom              0x00000000         0x00100000         xrl
ram              0x20000000         0x00040000         xw !r
tcm              0x03000000         0x00000000         xw
config_00804000  0x00804000         0x00000004
config_00804008  0x00804008         0x00000004
config_00804004  0x00804004         0x00000004
*default*        0x00000000         0xffffffff

Linker script and memory map

LOAD c:/program files/microchip/xc32/v3.01/bin/bin/../../lib/gcc/pic32c/8.3.1/thumb/v7e-m+fp/hard/crti.o
LOAD c:/program files/microchip/xc32/v3.01/bin/bin/../../lib/gcc/pic32c/8.3.1/thumb/v7e-m+fp/hard/crtbegin.o
LOAD build/default/debug/_ext/60165182/plib_can1.o
LOAD build/default/debug/_ext/60165182/plib_can0.o
LOAD build/default/debug/_ext/1984496892/plib_clock.o
LOAD build/default/debug/_ext/1865131932/plib_cmcc.o
LOAD build/default/debug/_ext/1986646378/plib_evsys.o
LOAD build/default/debug/_ext/1865468468/plib_nvic.o
LOAD build/default/debug/_ext/1593096446/plib_nvmctrl.o
LOAD build/default/debug/_ext/1865521619/plib_port.o
LOAD build/default/debug/_ext/60180175/plib_rtc_timer.o
LOAD build/default/debug/_ext/829342655/plib_tc0.o
LOAD build/default/debug/_ext/163028504/xc32_monitor.o
LOAD build/default/debug/_ext/1171490990/initialization.o
LOAD build/default/debug/_ext/1171490990/interrupts.o
LOAD build/default/debug/_ext/1171490990/exceptions.o
LOAD build/default/debug/_ext/1171490990/startup_xc32.o
LOAD build/default/debug/_ext/1171490990/libc_syscalls.o
LOAD build/default/debug/_ext/1360937237/main.o
                0x00000001                __MPLAB_BUILD = 0x1
                0x00100000                __rom_end = (ORIGIN (rom) + LENGTH (rom))
                0x20040000                __ram_end = (ORIGIN (ram) + LENGTH (ram))

.config_00804000
                0x00804000        0x4
 *(.config_00804000)
 .config_00804000
                0x00804000        0x4 build/default/debug/_ext/1171490990/initialization.o
                0x00804000                __config_00804000

.config_00804008
                0x00804008        0x4
 *(.config_00804008)
 .config_00804008
                0x00804008        0x4 build/default/debug/_ext/1171490990/initialization.o
                0x00804008                __config_00804008

.config_00804004
                0x00804004        0x4
 *(.config_00804004)
 .config_00804004
                0x00804004        0x4 build/default/debug/_ext/1171490990/initialization.o
                0x00804004                __config_00804004

.vectors        0x00000000      0x260
                0x00000000                . = ALIGN (0x4)
                0x00000000                _sfixed = .
 *(.vectors .vectors.* .vectors_default .vectors_default.*)
 .vectors       0x00000000      0x260 build/default/debug/_ext/1171490990/interrupts.o
                0x00000000                exception_table
 *(.isr_vector)
 *(.reset*)
 *(.after_vectors)

.text           0x00000260       0x20
                0x00000260                . = ALIGN (0x4)
 *(.glue_7t)
 .glue_7t       0x00000260        0x0 linker stubs
 *(.glue_7)
 .glue_7        0x00000260        0x0 linker stubs
 *(.gnu.linkonce.r.*)
 *(.ARM.extab* .gnu.linkonce.armextab.*)
                0x00000260                . = ALIGN (0x4)
 *(.init)
 .init          0x00000260        0x4 c:/program files/microchip/xc32/v3.01/bin/bin/../../lib/gcc/pic32c/8.3.1/thumb/v7e-m+fp/hard/crti.o
                0x00000260                _init
 .init          0x00000264        0x8 c:/program files/microchip/xc32/v3.01/bin/bin/../../lib/gcc/pic32c/8.3.1/thumb/v7e-m+fp/hard/crtn.o
                0x0000026c                . = ALIGN (0x4)
                0x0000026c                __preinit_array_start = .
 *(.preinit_array)
                0x0000026c                __preinit_array_end = .
                0x0000026c                . = ALIGN (0x4)
                0x0000026c                __init_array_start = .
 *(SORT_BY_NAME(.init_array.*))
 *(.init_array)
 .init_array    0x0000026c        0x4 c:/program files/microchip/xc32/v3.01/bin/bin/../../lib/gcc/pic32c/8.3.1/thumb/v7e-m+fp/hard/crtbegin.o
                0x00000270                __init_array_end = .
                0x00000270                . = ALIGN (0x4)
 *crtbegin.o(.ctors)
 *(EXCLUDE_FILE(*crtend.o) .ctors)
 *(SORT_BY_NAME(.ctors.*))
 *crtend.o(.ctors)
                0x00000270                . = ALIGN (0x4)
 *(.fini)
 .fini          0x00000270        0x4 c:/program files/microchip/xc32/v3.01/bin/bin/../../lib/gcc/pic32c/8.3.1/thumb/v7e-m+fp/hard/crti.o
                0x00000270                _fini
 .fini          0x00000274        0x8 c:/program files/microchip/xc32/v3.01/bin/bin/../../lib/gcc/pic32c/8.3.1/thumb/v7e-m+fp/hard/crtn.o
                0x0000027c                . = ALIGN (0x4)
                0x0000027c                __fini_array_start = .
 *(.fini_array)
 .fini_array    0x0000027c        0x4 c:/program files/microchip/xc32/v3.01/bin/bin/../../lib/gcc/pic32c/8.3.1/thumb/v7e-m+fp/hard/crtbegin.o
 *(SORT_BY_NAME(.fini_array.*))
                0x00000280                __fini_array_end = .
 *crtbegin.o(.dtors)
 *(EXCLUDE_FILE(*crtend.o) .dtors)
 *(SORT_BY_NAME(.dtors.*))
 *crtend.o(.dtors)
                0x00000280                . = ALIGN (0x4)
                0x00000280                _efixed = .
                [!provide]                PROVIDE (__exidx_start = .)

.ARM.exidx
 *(.ARM.exidx* .gnu.linkonce.armexidx.*)
                [!provide]                PROVIDE (__exidx_end = .)
                0x00000280                . = ALIGN (0x4)
                0x00000280                _etext = .

.bss            0x20000000        0x0
                0x20000000                . = ALIGN (0x4)
                0x20000000                __bss_start__ = .
                0x20000000                _sbss = .
                0x20000000                _szero = .
 *(COMMON)
                0x20000000                . = ALIGN (0x4)
                0x20000000                __bss_end__ = .
                0x20000000                _ebss = .
                0x20000000                _ezero = .
                0x20000000                . = ALIGN (0x4)
                0x20000000                _end = .
                0x2003ffff                _ram_end_ = ((ORIGIN (ram) + LENGTH (ram)) - 0x1)
                0x00000001                __ICD2RAM = 0x1
                0x00000001                __MPLAB_DEBUG = 0x1
                0x00000001                __DEBUG = 0x1
                0x00000200                _min_heap_size = 0x200
START GROUP
LOAD c:/program files/microchip/xc32/v3.01/bin/bin/../../lib/gcc/pic32c/8.3.1/../../../../pic32c/lib/thumb/v7e-m+fp/hard\libpic32c.a
LOAD c:/program files/microchip/xc32/v3.01/bin/bin/../../lib/gcc/pic32c/8.3.1/thumb/v7e-m+fp/hard\libgcc.a
LOAD c:/program files/microchip/xc32/v3.01/bin/bin/../../lib/gcc/pic32c/8.3.1/../../../../pic32c/lib/thumb/v7e-m+fp/hard\libg_nano.a
LOAD c:/program files/microchip/xc32/v3.01/bin/bin/../../lib/gcc/pic32c/8.3.1/../../../../pic32c/lib/thumb/v7e-m+fp/hard\libm_nano.a
LOAD c:/program files/microchip/xc32/v3.01/bin/bin/../../lib/gcc/pic32c/8.3.1/../../../../pic32c/lib/thumb/v7e-m+fp/hard\libc_nano.a
END GROUP
LOAD c:/program files/microchip/xc32/v3.01/bin/bin/../../lib/gcc/pic32c/8.3.1/thumb/v7e-m+fp/hard/crtend.o
LOAD c:/program files/microchip/xc32/v3.01/bin/bin/../../lib/gcc/pic32c/8.3.1/thumb/v7e-m+fp/hard/crtn.o
OUTPUT(dist/default/debug/FW_BOOT.X.debug.elf elf32-littlearm)
LOAD stack
LOAD data_init

.ARM.attributes
                0x00000000       0x32
 .ARM.attributes
                0x00000000       0x1e c:/program files/microchip/xc32/v3.01/bin/bin/../../lib/gcc/pic32c/8.3.1/thumb/v7e-m+fp/hard/crti.o
 .ARM.attributes
                0x0000001e       0x34 c:/program files/microchip/xc32/v3.01/bin/bin/../../lib/gcc/pic32c/8.3.1/thumb/v7e-m+fp/hard/crtbegin.o
 .ARM.attributes
                0x00000052       0x34 build/default/debug/_ext/60165182/plib_can0.o
 .ARM.attributes
                0x00000086       0x34 build/default/debug/_ext/1984496892/plib_clock.o
 .ARM.attributes
                0x000000ba       0x34 build/default/debug/_ext/1986646378/plib_evsys.o
 .ARM.attributes
                0x000000ee       0x34 build/default/debug/_ext/1865468468/plib_nvic.o
 .ARM.attributes
                0x00000122       0x34 build/default/debug/_ext/1593096446/plib_nvmctrl.o
 .ARM.attributes
                0x00000156       0x34 build/default/debug/_ext/1865521619/plib_port.o
 .ARM.attributes
                0x0000018a       0x34 build/default/debug/_ext/60180175/plib_rtc_timer.o
 .ARM.attributes
                0x000001be       0x34 build/default/debug/_ext/829342655/plib_tc0.o
 .ARM.attributes
                0x000001f2       0x34 build/default/debug/_ext/1171490990/initialization.o
 .ARM.attributes
                0x00000226       0x34 build/default/debug/_ext/1171490990/interrupts.o
 .ARM.attributes
                0x0000025a       0x34 build/default/debug/_ext/1171490990/exceptions.o
 .ARM.attributes
                0x0000028e       0x34 build/default/debug/_ext/1171490990/startup_xc32.o
 .ARM.attributes
                0x000002c2       0x34 build/default/debug/_ext/1360937237/main.o
 .ARM.attributes
                0x000002f6       0x34 c:/program files/microchip/xc32/v3.01/bin/bin/../../lib/gcc/pic32c/8.3.1/../../../../pic32c/lib/thumb/v7e-m+fp/hard\libpic32c.a(data_init.o)
 .ARM.attributes
                0x0000032a       0x34 c:/program files/microchip/xc32/v3.01/bin/bin/../../lib/gcc/pic32c/8.3.1/../../../../pic32c/lib/thumb/v7e-m+fp/hard\libg_nano.a(lib_a-init.o)
 .ARM.attributes
                0x0000035e       0x34 c:/program files/microchip/xc32/v3.01/bin/bin/../../lib/gcc/pic32c/8.3.1/../../../../pic32c/lib/thumb/v7e-m+fp/hard\libg_nano.a(lib_a-memcpy-stub.o)
 .ARM.attributes
                0x00000392       0x34 c:/program files/microchip/xc32/v3.01/bin/bin/../../lib/gcc/pic32c/8.3.1/../../../../pic32c/lib/thumb/v7e-m+fp/hard\libg_nano.a(lib_a-memset.o)
 .ARM.attributes
                0x000003c6       0x1e c:/program files/microchip/xc32/v3.01/bin/bin/../../lib/gcc/pic32c/8.3.1/thumb/v7e-m+fp/hard/crtn.o

.comment        0x00000000       0x53
 .comment       0x00000000       0x53 c:/program files/microchip/xc32/v3.01/bin/bin/../../lib/gcc/pic32c/8.3.1/thumb/v7e-m+fp/hard/crtbegin.o
                                 0x54 (size before relaxing)
 .comment       0x00000053       0x54 build/default/debug/_ext/60165182/plib_can0.o
 .comment       0x00000053       0x54 build/default/debug/_ext/1984496892/plib_clock.o
 .comment       0x00000053       0x54 build/default/debug/_ext/1986646378/plib_evsys.o
 .comment       0x00000053       0x54 build/default/debug/_ext/1865468468/plib_nvic.o
 .comment       0x00000053       0x54 build/default/debug/_ext/1593096446/plib_nvmctrl.o
 .comment       0x00000053       0x54 build/default/debug/_ext/1865521619/plib_port.o
 .comment       0x00000053       0x54 build/default/debug/_ext/60180175/plib_rtc_timer.o
 .comment       0x00000053       0x54 build/default/debug/_ext/829342655/plib_tc0.o
 .comment       0x00000053       0x54 build/default/debug/_ext/1171490990/initialization.o
 .comment       0x00000053       0x54 build/default/debug/_ext/1171490990/interrupts.o
 .comment       0x00000053       0x54 build/default/debug/_ext/1171490990/exceptions.o
 .comment       0x00000053       0x54 build/default/debug/_ext/1171490990/startup_xc32.o
 .comment       0x00000053       0x54 build/default/debug/_ext/1360937237/main.o
 .comment       0x00000053       0x54 c:/program files/microchip/xc32/v3.01/bin/bin/../../lib/gcc/pic32c/8.3.1/../../../../pic32c/lib/thumb/v7e-m+fp/hard\libpic32c.a(data_init.o)
 .comment       0x00000053       0x54 c:/program files/microchip/xc32/v3.01/bin/bin/../../lib/gcc/pic32c/8.3.1/../../../../pic32c/lib/thumb/v7e-m+fp/hard\libg_nano.a(lib_a-init.o)
 .comment       0x00000053       0x54 c:/program files/microchip/xc32/v3.01/bin/bin/../../lib/gcc/pic32c/8.3.1/../../../../pic32c/lib/thumb/v7e-m+fp/hard\libg_nano.a(lib_a-memcpy-stub.o)
 .comment       0x00000053       0x54 c:/program files/microchip/xc32/v3.01/bin/bin/../../lib/gcc/pic32c/8.3.1/../../../../pic32c/lib/thumb/v7e-m+fp/hard\libg_nano.a(lib_a-memset.o)

.debug_info     0x00000000     0xfb40
 .debug_info    0x00000000     0x28b2 build/default/debug/_ext/60165182/plib_can0.o
 .debug_info    0x000028b2      0xc69 build/default/debug/_ext/1984496892/plib_clock.o
 .debug_info    0x0000351b      0x397 build/default/debug/_ext/1986646378/plib_evsys.o
 .debug_info    0x000038b2     0x1415 build/default/debug/_ext/1865468468/plib_nvic.o
 .debug_info    0x00004cc7     0x189d build/default/debug/_ext/1593096446/plib_nvmctrl.o
 .debug_info    0x00006564      0xe67 build/default/debug/_ext/1865521619/plib_port.o
 .debug_info    0x000073cb     0x1c5a build/default/debug/_ext/60180175/plib_rtc_timer.o
 .debug_info    0x00009025      0xce3 build/default/debug/_ext/829342655/plib_tc0.o
 .debug_info    0x00009d08      0xff7 build/default/debug/_ext/1171490990/initialization.o
 .debug_info    0x0000acff     0x2293 build/default/debug/_ext/1171490990/interrupts.o
 .debug_info    0x0000cf92      0xfeb build/default/debug/_ext/1171490990/exceptions.o
 .debug_info    0x0000df7d      0x9a0 build/default/debug/_ext/1171490990/startup_xc32.o
 .debug_info    0x0000e91d      0xf56 build/default/debug/_ext/1360937237/main.o
 .debug_info    0x0000f873      0x2cd c:/program files/microchip/xc32/v3.01/bin/bin/../../lib/gcc/pic32c/8.3.1/../../../../pic32c/lib/thumb/v7e-m+fp/hard\libpic32c.a(data_init.o)

.debug_abbrev   0x00000000     0x1afc
 .debug_abbrev  0x00000000      0x45e build/default/debug/_ext/60165182/plib_can0.o
 .debug_abbrev  0x0000045e      0x135 build/default/debug/_ext/1984496892/plib_clock.o
 .debug_abbrev  0x00000593       0x64 build/default/debug/_ext/1986646378/plib_evsys.o
 .debug_abbrev  0x000005f7      0x217 build/default/debug/_ext/1865468468/plib_nvic.o
 .debug_abbrev  0x0000080e      0x30a build/default/debug/_ext/1593096446/plib_nvmctrl.o
 .debug_abbrev  0x00000b18      0x1e9 build/default/debug/_ext/1865521619/plib_port.o
 .debug_abbrev  0x00000d01      0x2b4 build/default/debug/_ext/60180175/plib_rtc_timer.o
 .debug_abbrev  0x00000fb5      0x1ae build/default/debug/_ext/829342655/plib_tc0.o
 .debug_abbrev  0x00001163      0x1f2 build/default/debug/_ext/1171490990/initialization.o
 .debug_abbrev  0x00001355      0x1cc build/default/debug/_ext/1171490990/interrupts.o
 .debug_abbrev  0x00001521      0x1ac build/default/debug/_ext/1171490990/exceptions.o
 .debug_abbrev  0x000016cd      0x209 build/default/debug/_ext/1171490990/startup_xc32.o
 .debug_abbrev  0x000018d6      0x1f8 build/default/debug/_ext/1360937237/main.o
 .debug_abbrev  0x00001ace       0x2e c:/program files/microchip/xc32/v3.01/bin/bin/../../lib/gcc/pic32c/8.3.1/../../../../pic32c/lib/thumb/v7e-m+fp/hard\libpic32c.a(data_init.o)

.debug_loc      0x00000000     0x1408
 .debug_loc     0x00000000      0x99a build/default/debug/_ext/60165182/plib_can0.o
 .debug_loc     0x0000099a       0xf9 build/default/debug/_ext/1865468468/plib_nvic.o
 .debug_loc     0x00000a93      0x4bf build/default/debug/_ext/1593096446/plib_nvmctrl.o
 .debug_loc     0x00000f52      0x1e8 build/default/debug/_ext/1865521619/plib_port.o
 .debug_loc     0x0000113a       0xb4 build/default/debug/_ext/60180175/plib_rtc_timer.o
 .debug_loc     0x000011ee      0x141 build/default/debug/_ext/829342655/plib_tc0.o
 .debug_loc     0x0000132f       0x45 build/default/debug/_ext/1171490990/initialization.o
 .debug_loc     0x00001374       0x60 build/default/debug/_ext/1171490990/startup_xc32.o
 .debug_loc     0x000013d4       0x20 build/default/debug/_ext/1360937237/main.o
 .debug_loc     0x000013f4       0x14 c:/program files/microchip/xc32/v3.01/bin/bin/../../lib/gcc/pic32c/8.3.1/../../../../pic32c/lib/thumb/v7e-m+fp/hard\libpic32c.a(data_init.o)

.debug_aranges  0x00000000      0x440
 .debug_aranges
                0x00000000       0xa0 build/default/debug/_ext/60165182/plib_can0.o
 .debug_aranges
                0x000000a0       0x20 build/default/debug/_ext/1984496892/plib_clock.o
 .debug_aranges
                0x000000c0       0x20 build/default/debug/_ext/1986646378/plib_evsys.o
 .debug_aranges
                0x000000e0       0x38 build/default/debug/_ext/1865468468/plib_nvic.o
 .debug_aranges
                0x00000118       0xb0 build/default/debug/_ext/1593096446/plib_nvmctrl.o
 .debug_aranges
                0x000001c8       0x70 build/default/debug/_ext/1865521619/plib_port.o
 .debug_aranges
                0x00000238       0xa0 build/default/debug/_ext/60180175/plib_rtc_timer.o
 .debug_aranges
                0x000002d8       0x78 build/default/debug/_ext/829342655/plib_tc0.o
 .debug_aranges
                0x00000350       0x20 build/default/debug/_ext/1171490990/initialization.o
 .debug_aranges
                0x00000370       0x20 build/default/debug/_ext/1171490990/interrupts.o
 .debug_aranges
                0x00000390       0x48 build/default/debug/_ext/1171490990/exceptions.o
 .debug_aranges
                0x000003d8       0x28 build/default/debug/_ext/1171490990/startup_xc32.o
 .debug_aranges
                0x00000400       0x20 build/default/debug/_ext/1360937237/main.o
 .debug_aranges
                0x00000420       0x20 c:/program files/microchip/xc32/v3.01/bin/bin/../../lib/gcc/pic32c/8.3.1/../../../../pic32c/lib/thumb/v7e-m+fp/hard\libpic32c.a(data_init.o)

.debug_ranges   0x00000000      0x360
 .debug_ranges  0x00000000       0x90 build/default/debug/_ext/60165182/plib_can0.o
 .debug_ranges  0x00000090       0x10 build/default/debug/_ext/1984496892/plib_clock.o
 .debug_ranges  0x000000a0       0x10 build/default/debug/_ext/1986646378/plib_evsys.o
 .debug_ranges  0x000000b0       0x28 build/default/debug/_ext/1865468468/plib_nvic.o
 .debug_ranges  0x000000d8       0xa0 build/default/debug/_ext/1593096446/plib_nvmctrl.o
 .debug_ranges  0x00000178       0x60 build/default/debug/_ext/1865521619/plib_port.o
 .debug_ranges  0x000001d8       0x90 build/default/debug/_ext/60180175/plib_rtc_timer.o
 .debug_ranges  0x00000268       0x68 build/default/debug/_ext/829342655/plib_tc0.o
 .debug_ranges  0x000002d0       0x10 build/default/debug/_ext/1171490990/initialization.o
 .debug_ranges  0x000002e0       0x10 build/default/debug/_ext/1171490990/interrupts.o
 .debug_ranges  0x000002f0       0x38 build/default/debug/_ext/1171490990/exceptions.o
 .debug_ranges  0x00000328       0x18 build/default/debug/_ext/1171490990/startup_xc32.o
 .debug_ranges  0x00000340       0x10 build/default/debug/_ext/1360937237/main.o
 .debug_ranges  0x00000350       0x10 c:/program files/microchip/xc32/v3.01/bin/bin/../../lib/gcc/pic32c/8.3.1/../../../../pic32c/lib/thumb/v7e-m+fp/hard\libpic32c.a(data_init.o)

.debug_line     0x00000000     0x2efa
 .debug_line    0x00000000      0x8d9 build/default/debug/_ext/60165182/plib_can0.o
 .debug_line    0x000008d9      0x369 build/default/debug/_ext/1984496892/plib_clock.o
 .debug_line    0x00000c42      0x131 build/default/debug/_ext/1986646378/plib_evsys.o
 .debug_line    0x00000d73      0x341 build/default/debug/_ext/1865468468/plib_nvic.o
 .debug_line    0x000010b4      0x51e build/default/debug/_ext/1593096446/plib_nvmctrl.o
 .debug_line    0x000015d2      0x3bf build/default/debug/_ext/1865521619/plib_port.o
 .debug_line    0x00001991      0x4ce build/default/debug/_ext/60180175/plib_rtc_timer.o
 .debug_line    0x00001e5f      0x3b7 build/default/debug/_ext/829342655/plib_tc0.o
 .debug_line    0x00002216      0x351 build/default/debug/_ext/1171490990/initialization.o
 .debug_line    0x00002567      0x1a9 build/default/debug/_ext/1171490990/interrupts.o
 .debug_line    0x00002710      0x207 build/default/debug/_ext/1171490990/exceptions.o
 .debug_line    0x00002917      0x2b7 build/default/debug/_ext/1171490990/startup_xc32.o
 .debug_line    0x00002bce      0x21c build/default/debug/_ext/1360937237/main.o
 .debug_line    0x00002dea      0x110 c:/program files/microchip/xc32/v3.01/bin/bin/../../lib/gcc/pic32c/8.3.1/../../../../pic32c/lib/thumb/v7e-m+fp/hard\libpic32c.a(data_init.o)

.debug_str      0x00000000      0x3ec
 .debug_str     0x00000000       0x96 build/default/debug/_ext/60165182/plib_can0.o
 .debug_str     0x00000096       0x1e build/default/debug/_ext/1984496892/plib_clock.o
 .debug_str     0x000000b4        0x0 build/default/debug/_ext/1986646378/plib_evsys.o
 .debug_str     0x000000b4        0xa build/default/debug/_ext/1865468468/plib_nvic.o
 .debug_str     0x000000be       0x29 build/default/debug/_ext/1593096446/plib_nvmctrl.o
 .debug_str     0x000000e7        0xb build/default/debug/_ext/1865521619/plib_port.o
 .debug_str     0x000000f2      0x123 build/default/debug/_ext/60180175/plib_rtc_timer.o
 .debug_str     0x00000215       0xc6 build/default/debug/_ext/829342655/plib_tc0.o
 .debug_str     0x000002db       0x98 build/default/debug/_ext/1171490990/initialization.o
 .debug_str     0x00000373        0xe build/default/debug/_ext/1171490990/interrupts.o
 .debug_str     0x00000381        0xe build/default/debug/_ext/1171490990/exceptions.o
 .debug_str     0x0000038f       0x2f build/default/debug/_ext/1171490990/startup_xc32.o
 .debug_str     0x000003be       0x2e build/default/debug/_ext/1360937237/main.o
 .debug_str     0x000003ec        0x0 c:/program files/microchip/xc32/v3.01/bin/bin/../../lib/gcc/pic32c/8.3.1/../../../../pic32c/lib/thumb/v7e-m+fp/hard\libpic32c.a(data_init.o)

.debug_frame    0x00000000      0x7b0
 .debug_frame   0x00000000      0x190 build/default/debug/_ext/60165182/plib_can0.o
 .debug_frame   0x00000190       0x20 build/default/debug/_ext/1984496892/plib_clock.o
 .debug_frame   0x000001b0       0x20 build/default/debug/_ext/1986646378/plib_evsys.o
 .debug_frame   0x000001d0       0x50 build/default/debug/_ext/1865468468/plib_nvic.o
 .debug_frame   0x00000220      0x170 build/default/debug/_ext/1593096446/plib_nvmctrl.o
 .debug_frame   0x00000390       0xd8 build/default/debug/_ext/1865521619/plib_port.o
 .debug_frame   0x00000468      0x128 build/default/debug/_ext/60180175/plib_rtc_timer.o
 .debug_frame   0x00000590       0xd0 build/default/debug/_ext/829342655/plib_tc0.o
 .debug_frame   0x00000660       0x28 build/default/debug/_ext/1171490990/initialization.o
 .debug_frame   0x00000688       0x20 build/default/debug/_ext/1171490990/interrupts.o
 .debug_frame   0x000006a8       0x70 build/default/debug/_ext/1171490990/exceptions.o
 .debug_frame   0x00000718       0x38 build/default/debug/_ext/1171490990/startup_xc32.o
 .debug_frame   0x00000750       0x28 build/default/debug/_ext/1360937237/main.o
 .debug_frame   0x00000778       0x38 c:/program files/microchip/xc32/v3.01/bin/bin/../../lib/gcc/pic32c/8.3.1/../../../../pic32c/lib/thumb/v7e-m+fp/hard\libpic32c.a(data_init.o)

.stack          0x200002b8      0x100
 .stack         0x200002b8      0x100 stack

.bss.can0Obj%1  0x20000000       0x28
 .bss.can0Obj   0x20000000       0x28 build/default/debug/_ext/60165182/plib_can0.o

.bss.can0RxMsg%2
                0x20000028       0x28
 .bss.can0RxMsg
                0x20000028       0x28 build/default/debug/_ext/60165182/plib_can0.o

.bss.can0CallbackObj%3
                0x20000050       0x20
 .bss.can0CallbackObj
                0x20000050       0x20 build/default/debug/_ext/60165182/plib_can0.o

.bss%4          0x20000070       0x1c
 .bss           0x20000070       0x1c c:/program files/microchip/xc32/v3.01/bin/bin/../../lib/gcc/pic32c/8.3.1/thumb/v7e-m+fp/hard/crtbegin.o

.bss.rtcObj%5   0x2000008c        0xc
 .bss.rtcObj    0x2000008c        0xc build/default/debug/_ext/60180175/plib_rtc_timer.o

.bss%6          0x20000098        0x4
 .bss           0x20000098        0x4 c:/program files/microchip/xc32/v3.01/bin/bin/../../lib/gcc/pic32c/8.3.1/../../../../pic32c/lib/thumb/v7e-m+fp/hard\libpic32c.a(data_init.o)

.eh_frame%z1    0x00000000        0x0
 .eh_frame      0x00000000        0x0 c:/program files/microchip/xc32/v3.01/bin/bin/../../lib/gcc/pic32c/8.3.1/thumb/v7e-m+fp/hard/crtbegin.o

.text.CAN0_InterruptHandler%7
                0x00000280      0x180
 .text.CAN0_InterruptHandler
                0x00000280      0x180 build/default/debug/_ext/60165182/plib_can0.o
                0x00000280                CAN0_InterruptHandler

.text.CLOCK_Initialize%8
                0x00000400      0x134
 .text.CLOCK_Initialize
                0x00000400      0x134 build/default/debug/_ext/1984496892/plib_clock.o
                0x00000400                CLOCK_Initialize

.text.Reset_Handler%9
                0x00000534       0x94
 .text.Reset_Handler
                0x00000534       0x94 build/default/debug/_ext/1171490990/startup_xc32.o
                0x00000534                Reset_Handler

.text.PORT_Initialize%10
                0x000005c8       0x90
 .text.PORT_Initialize
                0x000005c8       0x90 build/default/debug/_ext/1865521619/plib_port.o
                0x000005c8                PORT_Initialize

.text.CAN0_Initialize%11
                0x00000658       0x88
 .text.CAN0_Initialize
                0x00000658       0x88 build/default/debug/_ext/60165182/plib_can0.o
                0x00000658                CAN0_Initialize

.text.__pic32c_data_initialization%12
                0x000006e0       0x88
 .text.__pic32c_data_initialization
                0x000006e0       0x88 c:/program files/microchip/xc32/v3.01/bin/bin/../../lib/gcc/pic32c/8.3.1/../../../../pic32c/lib/thumb/v7e-m+fp/hard\libpic32c.a(data_init.o)
                0x000006e0                __pic32c_data_initialization

.dinit%13       0x00000768       0x50
 .dinit         0x00000768       0x50 data_init

.text.__libc_init_array%14
                0x000007b8       0x48
 .text.__libc_init_array
                0x000007b8       0x48 c:/program files/microchip/xc32/v3.01/bin/bin/../../lib/gcc/pic32c/8.3.1/../../../../pic32c/lib/thumb/v7e-m+fp/hard\libg_nano.a(lib_a-init.o)
                0x000007b8                __libc_init_array

.text.RTC_Initialize%15
                0x00000800       0x44
 .text.RTC_Initialize
                0x00000800       0x44 build/default/debug/_ext/60180175/plib_rtc_timer.o
                0x00000800                RTC_Initialize

.text%16        0x00000844       0x40
 .text          0x00000844       0x40 c:/program files/microchip/xc32/v3.01/bin/bin/../../lib/gcc/pic32c/8.3.1/thumb/v7e-m+fp/hard/crtbegin.o

.text.NVIC_Initialize%17
                0x00000884       0x40
 .text.NVIC_Initialize
                0x00000884       0x40 build/default/debug/_ext/1865468468/plib_nvic.o
                0x00000884                NVIC_Initialize

.text.TC0_CompareInitialize%18
                0x000008c4       0x34
 .text.TC0_CompareInitialize
                0x000008c4       0x34 build/default/debug/_ext/829342655/plib_tc0.o
                0x000008c4                TC0_CompareInitialize

.text.RTC_InterruptHandler%19
                0x000008f8       0x28
 .text.RTC_InterruptHandler
                0x000008f8       0x28 build/default/debug/_ext/60180175/plib_rtc_timer.o
                0x000008f8                RTC_InterruptHandler

.text.SYS_Initialize%20
                0x00000920       0x24
 .text.SYS_Initialize
                0x00000920       0x24 build/default/debug/_ext/1171490990/initialization.o
                0x00000920                SYS_Initialize

.text.memcpy%21
                0x00000944       0x1c
 .text.memcpy   0x00000944       0x1c c:/program files/microchip/xc32/v3.01/bin/bin/../../lib/gcc/pic32c/8.3.1/../../../../pic32c/lib/thumb/v7e-m+fp/hard\libg_nano.a(lib_a-memcpy-stub.o)
                0x00000944                memcpy

.text.TC0_CompareStart%22
                0x00000960       0x18
 .text.TC0_CompareStart
                0x00000960       0x18 build/default/debug/_ext/829342655/plib_tc0.o
                0x00000960                TC0_CompareStart

.rodata%23      0x00000978       0x10
 .rodata        0x00000978       0x10 build/default/debug/_ext/60165182/plib_can0.o

.text.NVMCTRL_Initialize%24
                0x00000988       0x10
 .text.NVMCTRL_Initialize
                0x00000988       0x10 build/default/debug/_ext/1593096446/plib_nvmctrl.o
                0x00000988                NVMCTRL_Initialize

.text.memset%25
                0x00000998       0x10
 .text.memset   0x00000998       0x10 c:/program files/microchip/xc32/v3.01/bin/bin/../../lib/gcc/pic32c/8.3.1/../../../../pic32c/lib/thumb/v7e-m+fp/hard\libg_nano.a(lib_a-memset.o)
                0x00000998                memset

.text.main%26   0x000009a8        0xe
 .text.main     0x000009a8        0xe build/default/debug/_ext/1360937237/main.o
                0x000009a8                main

.text.Dummy_Handler%27
                0x000009b6        0x4
 .text.Dummy_Handler
                0x000009b6        0x4 build/default/debug/_ext/1171490990/interrupts.o
                0x000009b6                EIC_EXTINT_9_Handler
                0x000009b6                TCC0_MC5_Handler
                0x000009b6                SVCall_Handler
                0x000009b6                SERCOM0_2_Handler
                0x000009b6                USB_SOF_HSOF_Handler
                0x000009b6                TCC4_OTHER_Handler
                0x000009b6                TCC2_MC2_Handler
                0x000009b6                EVSYS_0_Handler
                0x000009b6                TRNG_Handler
                0x000009b6                TC2_Handler
                0x000009b6                USB_TRCPT0_Handler
                0x000009b6                DAC_OTHER_Handler
                0x000009b6                AC_Handler
                0x000009b6                DAC_EMPTY_0_Handler
                0x000009b6                DMAC_OTHER_Handler
                0x000009b6                EIC_EXTINT_5_Handler
                0x000009b6                SERCOM3_1_Handler
                0x000009b6                SysTick_Handler
                0x000009b6                SERCOM4_OTHER_Handler
                0x000009b6                SERCOM3_2_Handler
                0x000009b6                EIC_EXTINT_6_Handler
                0x000009b6                PendSV_Handler
                0x000009b6                TCC4_MC0_Handler
                0x000009b6                EVSYS_3_Handler
                0x000009b6                QSPI_Handler
                0x000009b6                TCC2_MC0_Handler
                0x000009b6                PDEC_OTHER_Handler
                0x000009b6                TCC3_MC0_Handler
                0x000009b6                PDEC_MC1_Handler
                0x000009b6                TCC2_MC1_Handler
                0x000009b6                OSCCTRL_XOSC1_Handler
                0x000009b6                PDEC_MC0_Handler
                0x000009b6                EIC_EXTINT_4_Handler
                0x000009b6                EIC_EXTINT_7_Handler
                0x000009b6                SERCOM0_OTHER_Handler
                0x000009b6                EVSYS_OTHER_Handler
                0x000009b6                SERCOM0_0_Handler
                0x000009b6                SERCOM4_0_Handler
                0x000009b6                TCC1_MC0_Handler
                0x000009b6                SERCOM1_OTHER_Handler
                0x000009b6                TCC2_OTHER_Handler
                0x000009b6                EIC_EXTINT_11_Handler
                0x000009b6                SUPC_BODDET_Handler
                0x000009b6                EIC_EXTINT_14_Handler
                0x000009b6                OSC32KCTRL_Handler
                0x000009b6                EVSYS_1_Handler
                0x000009b6                TCC4_MC1_Handler
                0x000009b6                DMAC_0_Handler
                0x000009b6                SUPC_OTHER_Handler
                0x000009b6                WDT_Handler
                0x000009b6                EIC_EXTINT_15_Handler
                0x000009b6                EIC_EXTINT_1_Handler
                0x000009b6                TCC3_MC1_Handler
                0x000009b6                SERCOM5_0_Handler
                0x000009b6                TC4_Handler
                0x000009b6                TC1_Handler
                0x000009b6                TCC1_MC1_Handler
                0x000009b6                EIC_EXTINT_0_Handler
                0x000009b6                TCC1_OTHER_Handler
                0x000009b6                PAC_Handler
                0x000009b6                SERCOM4_1_Handler
                0x000009b6                TC3_Handler
                0x000009b6                Dummy_Handler
                0x000009b6                DAC_RESRDY_0_Handler
                0x000009b6                SERCOM5_1_Handler
                0x000009b6                DMAC_2_Handler
                0x000009b6                TCC0_MC4_Handler
                0x000009b6                USB_TRCPT1_Handler
                0x000009b6                SERCOM0_1_Handler
                0x000009b6                TCC0_MC3_Handler
                0x000009b6                EIC_EXTINT_12_Handler
                0x000009b6                OSCCTRL_DPLL0_Handler
                0x000009b6                SERCOM5_OTHER_Handler
                0x000009b6                PM_Handler
                0x000009b6                OSCCTRL_DFLL_Handler
                0x000009b6                DAC_RESRDY_1_Handler
                0x000009b6                DMAC_1_Handler
                0x000009b6                USB_OTHER_Handler
                0x000009b6                CAN1_Handler
                0x000009b6                TCC0_OTHER_Handler
                0x000009b6                EIC_EXTINT_10_Handler
                0x000009b6                TCC1_MC3_Handler
                0x000009b6                OSCCTRL_XOSC0_Handler
                0x000009b6                TCC0_MC0_Handler
                0x000009b6                EIC_EXTINT_2_Handler
                0x000009b6                SDHC0_Handler
                0x000009b6                SERCOM1_1_Handler
                0x000009b6                I2S_Handler
                0x000009b6                PCC_Handler
                0x000009b6                TCC3_OTHER_Handler
                0x000009b6                EIC_EXTINT_13_Handler
                0x000009b6                SERCOM1_0_Handler
                0x000009b6                PUKCC_Handler
                0x000009b6                SERCOM2_1_Handler
                0x000009b6                SERCOM1_2_Handler
                0x000009b6                SERCOM3_0_Handler
                0x000009b6                SERCOM4_2_Handler
                0x000009b6                TCC1_MC2_Handler
                0x000009b6                ADC1_RESRDY_Handler
                0x000009b6                NVMCTRL_1_Handler
                0x000009b6                SERCOM5_2_Handler
                0x000009b6                SERCOM2_2_Handler
                0x000009b6                DAC_EMPTY_1_Handler
                0x000009b6                ADC1_OTHER_Handler
                0x000009b6                OSCCTRL_DPLL1_Handler
                0x000009b6                EIC_EXTINT_3_Handler
                0x000009b6                SERCOM3_OTHER_Handler
                0x000009b6                EIC_EXTINT_8_Handler
                0x000009b6                NVMCTRL_0_Handler
                0x000009b6                ADC0_RESRDY_Handler
                0x000009b6                ADC0_OTHER_Handler
                0x000009b6                MCLK_Handler
                0x000009b6                EVSYS_2_Handler
                0x000009b6                SERCOM2_OTHER_Handler
                0x000009b6                FREQM_Handler
                0x000009b6                TC0_Handler
                0x000009b6                TCC0_MC1_Handler
                0x000009b6                DMAC_3_Handler
                0x000009b6                RAMECC_Handler
                0x000009b6                TC5_Handler
                0x000009b6                SERCOM2_0_Handler
                0x000009b6                AES_Handler
                0x000009b6                ICM_Handler
                0x000009b6                TCC0_MC2_Handler

.text.NonMaskableInt_Handler%28
                0x000009ba        0x4
 .text.NonMaskableInt_Handler
                0x000009ba        0x4 build/default/debug/_ext/1171490990/exceptions.o
                0x000009ba                NonMaskableInt_Handler

.text.HardFault_Handler%29
                0x000009be        0x4
 .text.HardFault_Handler
                0x000009be        0x4 build/default/debug/_ext/1171490990/exceptions.o
                0x000009be                HardFault_Handler

.text.DebugMonitor_Handler%30
                0x000009c2        0x4
 .text.DebugMonitor_Handler
                0x000009c2        0x4 build/default/debug/_ext/1171490990/exceptions.o
                0x000009c2                DebugMonitor_Handler

.text.MemoryManagement_Handler%31
                0x000009c6        0x4
 .text.MemoryManagement_Handler
                0x000009c6        0x4 build/default/debug/_ext/1171490990/exceptions.o
                0x000009c6                MemoryManagement_Handler

.text.BusFault_Handler%32
                0x000009ca        0x4
 .text.BusFault_Handler
                0x000009ca        0x4 build/default/debug/_ext/1171490990/exceptions.o
                0x000009ca                BusFault_Handler

.text.UsageFault_Handler%33
                0x000009ce        0x4
 .text.UsageFault_Handler
                0x000009ce        0x4 build/default/debug/_ext/1171490990/exceptions.o
                0x000009ce                UsageFault_Handler

.text.EVSYS_Initialize%34
                0x000009d2        0x2
 .text.EVSYS_Initialize
                0x000009d2        0x2 build/default/debug/_ext/1986646378/plib_evsys.o
                0x000009d2                EVSYS_Initialize

.text.Dummy_App_Func%35
                0x000009d4        0x2
 .text.Dummy_App_Func
                0x000009d4        0x2 build/default/debug/_ext/1171490990/startup_xc32.o
                0x000009d4                _on_reset
                0x000009d4                _on_bootstrap
                0x000009d4                __xc32_on_reset
                0x000009d4                Dummy_App_Func
                0x000009d4                __xc32_on_bootstrap
